// Jest Snapshot v1, https://goo.gl/fbAQLP

exports[`DisclaimerPage should match snapshot 1`] = `
<Fragment>
  <Connect(Helmet)
    title="pageTitle - Augsburg"
  />
  <Page
    content="this is a test content"
    title="Feedback, Kontakt und mögliches Engagement"
  />
  <Translate(CategoryTimeStamp)
    language="de"
    lastUpdate={"2017-11-18T19:30:00.000Z"}
  />
</Fragment>
`;
