// Jest Snapshot v1, https://goo.gl/fbAQLP

exports[`EventList should render a list of events 1`] = `
<Fragment>
  <Caption
    title="events:news"
  />
  <StyledList>
    <ListItem
      isExternalUrl={false}
      key="/augsburg/en/events/first_event"
      path="/augsburg/en/events/first_event"
      thumbnail="thumbnail"
      title="first Event"
    >
      <EventListItemInfo
        date={
          DateModel {
            "_allDay": true,
            "_endDate": "2017-11-18T19:30:00.000Z",
            "_startDate": "2017-11-18T09:30:00.000Z",
          }
        }
        excerpt="excerpt"
        language="en"
        location={
          LocationModel {
            "_address": "address",
            "_latitude": undefined,
            "_longitude": undefined,
            "_postcode": "postcode",
            "_town": "town",
          }
        }
        onInternalLinkClick={[Function]}
      />
    </ListItem>
    <ListItem
      isExternalUrl={false}
      key="/augsburg/en/events/second_event"
      path="/augsburg/en/events/second_event"
      thumbnail="thumbnail"
      title="second Event"
    >
      <EventListItemInfo
        date={
          DateModel {
            "_allDay": true,
            "_endDate": "2017-11-18T19:30:00.000Z",
            "_startDate": "2017-11-18T09:30:00.000Z",
          }
        }
        excerpt="excerpt"
        language="en"
        location={
          LocationModel {
            "_address": "address",
            "_latitude": undefined,
            "_longitude": undefined,
            "_postcode": "postcode",
            "_town": "town",
          }
        }
        onInternalLinkClick={[Function]}
      />
    </ListItem>
    <ListItem
      isExternalUrl={false}
      key="/augsburg/en/events/third_event"
      path="/augsburg/en/events/third_event"
      thumbnail="thumbnail"
      title="third Event"
    >
      <EventListItemInfo
        date={
          DateModel {
            "_allDay": true,
            "_endDate": "2017-11-18T19:30:00.000Z",
            "_startDate": "2017-11-18T09:30:00.000Z",
          }
        }
        excerpt="excerpt"
        language="en"
        location={
          LocationModel {
            "_address": "address",
            "_latitude": undefined,
            "_longitude": undefined,
            "_postcode": "postcode",
            "_town": "town",
          }
        }
        onInternalLinkClick={[Function]}
      />
    </ListItem>
  </StyledList>
</Fragment>
`;

exports[`EventList should render no events 1`] = `
<Fragment>
  <Caption
    title="events:news"
  />
  <EventList__NoEvents>
    events:currentlyNoEvents
  </EventList__NoEvents>
</Fragment>
`;
