// Jest Snapshot v1, https://goo.gl/fbAQLP

exports[`EventListElement should render 1`] = `
<Connect(Link)
  className="event"
  to={
    Object {
      "payload": Object {
        "city": "augsburg",
        "eventId": 1234,
        "language": "en",
      },
      "type": "EVENTS",
    }
  }
>
  <img
    className="eventThumbnail"
    src="thumbnail"
  />
  <div
    className="eventDescription"
  >
    <div
      className="eventTitle"
    >
      first Event
    </div>
    <div
      className="eventDate"
    >
      <TimeSpan
        allDay={true}
        endDate={"2017-11-18T19:30:00.000Z"}
        locale="en"
        startDate={"2017-11-18T09:30:00.000Z"}
      />
      , 
      address, town
    </div>
    <RemoteContent
      centered={false}
      dangerouslySetInnerHTML={
        Object {
          "__html": "excerpt...",
        }
      }
      hosts={
        Array [
          "cms.integreat-app.de",
          "web.integreat-app.de",
        ]
      }
      onInternLinkClick={[Function]}
    />
  </div>
</Connect(Link)>
`;
