// Jest Snapshot v1, https://goo.gl/fbAQLP

exports[`EventListElement should render 1`] = `
<EventListElement__EventLink
  to="/augsburg/en/events/first_event"
>
  <EventListElement__EventThumbnail
    src="thumbnail"
  />
  <EventListElement__EventDescription>
    <EventListElement__EventTitle>
      first Event
    </EventListElement__EventTitle>
    <EventListElement__EventDate>
      <TimeSpan
        date={
          DateModel {
            "_allDay": true,
            "_endDate": "2017-11-18T19:30:00.000Z",
            "_startDate": "2017-11-18T09:30:00.000Z",
          }
        }
        locale="en"
      />
      , 
      address, postcode town
    </EventListElement__EventDate>
    <RemoteContent
      centered={false}
      dangerouslySetInnerHTML={
        Object {
          "__html": "excerpt...",
        }
      }
      hijackRegExp={/https\\?:\\\\/\\\\/\\(cms\\\\\\.integreat-app\\\\\\.de\\|web\\\\\\.integreat-app\\\\\\.de\\|integreat\\\\\\.app\\)\\(\\?!\\\\/\\[\\^\\\\/\\]\\*\\\\/\\(wp-content\\|wp-admin\\|wp-json\\)\\\\/\\.\\*\\)\\.\\*/}
      onInternLinkClick={[Function]}
    />
  </EventListElement__EventDescription>
</EventListElement__EventLink>
`;
