// Jest Snapshot v1, https://goo.gl/fbAQLP

exports[`EventDetail should render 1`] = `
<EventDetail
  event={
    Object {
      "allDay": true,
      "availableLanguages": Object {
        "ar": "1236",
        "de": "1235",
      },
      "endDate": "2017-11-18T19:30:00.000Z",
      "id": 1234,
      "startDate": "2017-11-18T09:30:00.000Z",
      "title": "first Event",
    }
  }
  language="en"
  t={[Function]}
/>
`;
