// Jest Snapshot v1, https://goo.gl/fbAQLP

exports[`EventListItemInfo should render and match snapshot 1`] = `
<Fragment>
  <div>
    <div>
      27. November 2017 19:30 - 28. November 2017 21:30
    </div>
    <div>
      address, 11111 town
    </div>
  </div>
  <RemoteContent
    centered={false}
    dangerouslySetInnerHTML={
      Object {
        "__html": "very loooooooooooooooooooooooooooooooooooooooooooooooooooooooooooooooo...",
      }
    }
    onInternLinkClick={[Function]}
  />
</Fragment>
`;
