// Jest Snapshot v1, https://goo.gl/fbAQLP

exports[`EventList should render a list of events 1`] = `
<React.Fragment>
  <Caption
    title="events:news"
  />
  <div
    className="list"
  >
    <EventListElement
      city="augsburg"
      event={
        EventModel {
          "_address": "address",
          "_allDay": true,
          "_availableLanguages": Map {
            "de" => 1235,
            "ar" => 1236,
          },
          "_content": "content",
          "_endDate": "2017-11-18T19:30:00.000Z",
          "_excerpt": "excerpt",
          "_id": 1234,
          "_startDate": "2017-11-18T09:30:00.000Z",
          "_thumbnail": "thumbnail",
          "_title": "first Event",
          "_town": "town",
        }
      }
      key="1234"
      language="en"
    />
    <EventListElement
      city="augsburg"
      event={
        EventModel {
          "_address": "address",
          "_allDay": true,
          "_availableLanguages": Map {
            "en" => 1234,
            "ar" => 1236,
          },
          "_content": "content",
          "_endDate": "2017-11-18T19:30:00.000Z",
          "_excerpt": "excerpt",
          "_id": 1235,
          "_startDate": "2017-11-18T09:30:00.000Z",
          "_thumbnail": "thumbnail",
          "_title": "erstes Event",
          "_town": "town",
        }
      }
      key="1235"
      language="en"
    />
    <EventListElement
      city="augsburg"
      event={
        EventModel {
          "_address": "address",
          "_allDay": true,
          "_availableLanguages": Map {
            "de" => 1235,
            "ar" => 1236,
          },
          "_content": "content",
          "_endDate": "2017-11-18T19:30:00.000Z",
          "_excerpt": "excerpt",
          "_id": 2,
          "_startDate": "2017-11-18T09:30:00.000Z",
          "_thumbnail": "thumbnail",
          "_title": "second Event",
          "_town": "town",
        }
      }
      key="2"
      language="en"
    />
  </div>
</React.Fragment>
`;

exports[`EventList should render no events 1`] = `
<div>
  <Caption
    title="events:news"
  />
  <div
    className="noEvents"
  >
    events:currentlyNoEvents
  </div>
</div>
`;
