// Jest Snapshot v1, https://goo.gl/fbAQLP

exports[`EventDetail should render 1`] = `
<EventDetail
  event={
    EventModel {
      "_address": "address",
      "_allDay": true,
      "_availableLanguages": Map {
        "de" => 1235,
        "ar" => 1236,
      },
      "_content": "content",
      "_endDate": "2017-11-18T19:30:00.000Z",
      "_excerpt": "excerpt",
      "_id": 1234,
      "_startDate": "2017-11-18T09:30:00.000Z",
      "_thumbnail": "thumbnail",
      "_title": "first Event",
      "_town": "town",
    }
  }
  language="en"
  onInternalLinkClick={[Function]}
  t={[Function]}
/>
`;
