// Jest Snapshot v1, https://goo.gl/fbAQLP

exports[`Breadcrumbs should render and match snapshot 1`] = `
<styled.nav
  direction="rtl"
>
  <JsonLdBreadcrumbs
    breadcrumbs={
      Array [
        BreadcrumbModel {
          "_link": "https://abc.xyz/",
          "_node": <a
            href="/"
          >
            Home
          </a>,
          "_title": "Home",
        },
        BreadcrumbModel {
          "_link": "https://abc.xyz/sub",
          "_node": <a
            href="/sub"
          >
            Subcategory
          </a>,
          "_title": "Subcategory",
        },
        BreadcrumbModel {
          "_link": "https://abc.xyz/sub/current",
          "_node": <a
            href="/sub/current"
          >
            ThisSite
          </a>,
          "_title": "ThisSite",
        },
      ]
    }
  />
  <styled.ol
    direction="rtl"
  >
    <Breadcrumb
      key="Home"
    >
      <a
        href="/"
      >
        Home
      </a>
    </Breadcrumb>
    <Breadcrumb
      key="Subcategory"
    >
      <a
        href="/sub"
      >
        Subcategory
      </a>
    </Breadcrumb>
  </styled.ol>
</styled.nav>
`;
