// Jest Snapshot v1, https://goo.gl/fbAQLP

exports[`GeneralFooter should match snapshot 1`] = `
<Footer>
  <CleanLink
    to="/main-disclaimer"
  >
    layout,settings:imprintAndContact
  </CleanLink>
  <CleanLink
    to="https://integreat-app.de/about/"
  >
    layout,settings:settings:about
  </CleanLink>
  <CleanLink
    to="https://integreat-app.de/datenschutz/"
  >
    layout,settings:privacy
  </CleanLink>
</Footer>
`;
