// Jest Snapshot v1, https://goo.gl/fbAQLP

exports[`GeneralHeader should match snapshot 1`] = `
<Header
  actionItems={
    Array [
      <HeaderActionItemLink
        href="/landing/de"
        iconSrc="test-file-stub"
        text="layout:changeLocation"
      />,
    ]
  }
  logoHref="/landing/de"
  navigationItems={Array []}
  viewportSmall={true}
/>
`;
