// Jest Snapshot v1, https://goo.gl/fbAQLP

exports[`HeaderLanguageSelectorItem should render a HeaderDropDown with a Selector if there are selectorItems 1`] = `
<styled.div>
  <Component
    flow="down"
    mediumViewportFlow="left"
    text="changeLanguage"
  >
    <button
      aria-label="changeLanguage"
      onClick={[Function]}
      type="button"
    >
      <img
        alt=""
        src="test-file-stub"
      />
    </button>
  </Component>
  <styled.div
    active={false}
    style={
      Object {
        "visibility": "hidden",
      }
    }
  >
    <Selector
      activeItemCode="de"
      closeDropDown={[Function]}
      disabledItemTooltip="noTranslation"
      items={
        Array [
          SelectorItemModel {
            "_code": "en",
            "_href": "/augsburg/en/",
            "_name": "English",
          },
          SelectorItemModel {
            "_code": "de",
            "_href": "/augsburg/de/",
            "_name": "Deutsch",
          },
        ]
      }
      verticalLayout={false}
    />
  </styled.div>
</styled.div>
`;

exports[`HeaderLanguageSelectorItem should render an icon with a tooltip if there are no selectorItems 1`] = `
<Component
  flow="down"
  smallViewportFlow="left"
  text="noLanguages"
>
  <styled.span
    aria-label="noLanguages"
  >
    <img
      alt=""
      src="test-file-stub"
    />
  </styled.span>
</Component>
`;
