// Jest Snapshot v1, https://goo.gl/fbAQLP

exports[`Layout should render all components 1`] = `
<styled.div>
  <styled.div>
    <div
      aria-hidden={false}
    >
      <header />
      <styled.div
        fullWidth={false}
        scrollable={true}
      >
        <styled.aside
          languageSelectorHeight={0}
        >
          <div>
            toolybar
          </div>
        </styled.aside>
        <styled.main
          fullWidth={false}
        >
          <p>
            content right here
          </p>
        </styled.main>
      </styled.div>
    </div>
    <div
      aria-hidden={false}
    >
      <footer />
    </div>
  </styled.div>
</styled.div>
`;
