// Jest Snapshot v1, https://goo.gl/fbAQLP

exports[`LocationToolbar should match snapshot 1`] = `
<Translate(Toolbar)
  viewportSmall={true}
>
  <div>
    MockNode
  </div>
  <Translate(FeedbackToolbarItem)
    isPositiveRatingLink={true}
    openFeedbackModal={[Function]}
    viewportSmall={true}
  />
  <Translate(FeedbackToolbarItem)
    isPositiveRatingLink={false}
    openFeedbackModal={[Function]}
    viewportSmall={true}
  />
</Translate(Toolbar)>
`;
