// Jest Snapshot v1, https://goo.gl/fbAQLP

exports[`LocationFooter should match snapshot 1`] = `
<Footer
  overlay={false}
>
  <CleanLink
    to="/augsburg/de/disclaimer"
  >
    imprintAndContact
  </CleanLink>
  <CleanLink
    to="https://integreat-app.de/about/"
  >
    settings:about
  </CleanLink>
  <CleanLink
    to="https://integreat-app.de/datenschutz/"
  >
    privacy
  </CleanLink>
</Footer>
`;
