// Jest Snapshot v1, https://goo.gl/fbAQLP

exports[`Error should match snapshot 1`] = `
<div>
  <div
    className="centerText"
  >
    Error Message
  </div>
  <div
    className="centerText"
  >
    <FontAwesome
      name="frown-o"
      size="5x"
    />
  </div>
  <a
    className="centerText"
    href="/"
  >
    Go back
  </a>
</div>
`;
