// Jest Snapshot v1, https://goo.gl/fbAQLP

exports[`LanguageFailure should match snapshot 1`] = `
<Fragment>
  <Caption
    title="Augsburg"
  />
  <p
    className="chooseLanguage"
  >
    not-found.language chooseYourLanguage
  </p>
  <Connect(Translate(LanguageSelector))
    isHeaderActionItem={false}
  />
</Fragment>
`;
