// Jest Snapshot v1, https://goo.gl/fbAQLP

exports[`LanguageFailure should match snapshot 1`] = `
<Fragment>
  <Caption
    title="Augsburg"
  />
  <LanguageFailure__ChooseLanguage>
    not-found.language chooseYourLanguage
  </LanguageFailure__ChooseLanguage>
  <Connect(Translate(LanguageSelector))
    isHeaderActionItem={false}
  />
</Fragment>
`;
