// Jest Snapshot v1, https://goo.gl/fbAQLP

exports[`HeaderLanguageSelectorItem should render a HeaderDropDown with a Selector if there are selectorItems 1`] = `
<HeaderActionItemDropDown
  iconSrc="test-file-stub"
  text="layout:changeLanguage"
>
  <Selector
    activeItemCode="de"
    disabledItemTooltip="layout:noTranslation"
    items={
      Array [
        SelectorItemModel {
          "_code": "en",
          "_href": "/augsburg/en/",
          "_name": "English",
        },
        SelectorItemModel {
          "_code": "de",
          "_href": "/augsburg/de/",
          "_name": "Deutsch",
        },
      ]
    }
    verticalLayout={false}
  />
</HeaderActionItemDropDown>
`;

exports[`HeaderLanguageSelectorItem should render an icon with a tooltip if there are no selectorItems 1`] = `
<HeaderActionItemLink
  iconSrc="test-file-stub"
  text="layout:noLanguages"
/>
`;
