// Jest Snapshot v1, https://goo.gl/fbAQLP

exports[`Layout should render all components 1`] = `
<Layout__FlexWrapper>
  <Layout__RichLayout>
    <div
      aria-hidden={false}
    >
      <header />
      <Layout__Body>
        <withPlatform(Layout__Aside)
          style={
            Object {
              "top": "40px",
            }
          }
        >
          <div>
            toolybar
          </div>
        </withPlatform(Layout__Aside)>
        <Layout__Main>
          <p>
            content right here
          </p>
        </Layout__Main>
      </Layout__Body>
    </div>
    <div
      aria-hidden={false}
    >
      <footer />
    </div>
  </Layout__RichLayout>
</Layout__FlexWrapper>
`;
