// Jest Snapshot v1, https://goo.gl/fbAQLP

exports[`LandingPage should match snapshot 1`] = `
<Translate(FilterableCitySelector)
  cities={
    Array [
      CityModel {
        "_aliases": undefined,
        "_code": "city",
        "_eventsEnabled": false,
        "_extrasEnabled": false,
        "_latitude": undefined,
        "_live": true,
        "_longitude": undefined,
        "_name": "City",
        "_prefix": undefined,
        "_sortingName": "City",
      },
    ]
  }
  language="de"
/>
`;
