// Jest Snapshot v1, https://goo.gl/fbAQLP

exports[`TunewsDetailsPage should match snapshot and render TunewsDetailsPage 1`] = `
<Connect(NewsRedirectController)>
  <TunewsDetailsPage__StyledContainer>
    <TunewsDetailsPage__StyledWrapper>
      <TunewsDetailsPage__StyledBanner>
        <TunewsDetailsPage__StyledTitle>
          <TunewsDetailsPage__StyledBannerImage
            alt=""
            src="test-file-stub"
          />
        </TunewsDetailsPage__StyledTitle>
      </TunewsDetailsPage__StyledBanner>
      <TunewsDetailsPage__Title>
        Tick bite - What to do?
      </TunewsDetailsPage__Title>
      <TunewsDetailsPage__Content>
        In summer there are often ticks in forest and meadows with high grass. These are very small animals. They feed on the blood of people or animals they sting, like mosquitoes. But they stay in the skin longer and can transmit dangerous diseases. If you have been in high grass, you should search your body very thoroughly for ticks. They like to sit in the knees, armpits or in the groin area. If you discover a tick in your skin, you should carefully pull it out with tweezers without crushing it. If the sting inflames, you must see a doctor. tünews INTERNATIONAL
      </TunewsDetailsPage__Content>
    </TunewsDetailsPage__StyledWrapper>
    <TunewsDetailsFooter
      date={"2020-01-20T12:04:22.000Z"}
      eNewsNo="tun0000009902"
      language="en"
      t={[Function]}
    />
  </TunewsDetailsPage__StyledContainer>
</Connect(NewsRedirectController)>
`;
