// Jest Snapshot v1, https://goo.gl/fbAQLP

exports[`I18nProvider should initialize correct i18next instance 1`] = `
Object {
  "debug": true,
  "fallbackLng": Array [
    "en",
    "de",
  ],
  "load": "languageOnly",
}
`;

exports[`I18nProvider should transform the resources correctly 1`] = `
Object {
  "language1": Object {
    "module1": Object {
      "key1": "lang1-translated1",
    },
    "module2": Object {
      "key2": "lang1-translated2",
    },
  },
  "language2": Object {
    "module1": Object {
      "key1": "lang2-translated1",
    },
    "module2": Object {
      "key2": "lang2-translated2",
    },
  },
}
`;
