// Jest Snapshot v1, https://goo.gl/fbAQLP

exports[`App should render 1`] = `
<StrictMode>
  <Provider
    store={
      Object {
        "clearActions": [Function],
        "dispatch": [Function],
        "getActions": [Function],
        "getState": [Function],
        "replaceReducer": [Function],
        "subscribe": [Function],
      }
    }
  >
    <Provider>
      <_default>
        <Connect(CustomThemeProvider)>
          <Connect(Translate(Switcher)) />
        </Connect(CustomThemeProvider)>
      </_default>
    </Provider>
  </Provider>
</StrictMode>
`;
