// Jest Snapshot v1, https://goo.gl/fbAQLP

exports[`RouteContentSwitcher should render and match snapshot 1`] = `
<Connect(Translate(CategoriesPage))
  categories={
    CategoriesMapModel {
      "_categories": Map {
        "path01" => CategoryModel {
          "_availableLanguages": Map {},
          "_content": "contnentl",
          "_hash": "2fe6283485a93932",
          "_lastUpdate": "2017-11-18T09:30:00.000Z",
          "_order": 4,
          "_parentPath": "parent/url",
          "_path": "path01",
          "_root": true,
          "_thumbnail": "thumb/nail",
          "_title": "Title10",
        },
      },
    }
  }
  cities={
    Array [
      CityModel {
        "_aliases": Object {
          "Konigsbrunn": Object {
            "latitude": 48.267499,
            "longitude": 10.889586,
          },
        },
        "_code": "augsburg",
        "_eventsEnabled": true,
        "_latitude": 48.369696,
        "_live": true,
        "_longitude": 10.892578,
        "_name": "Stadt Augsburg",
        "_offersEnabled": true,
        "_poisEnabled": true,
        "_prefix": "Stadt",
        "_pushNotificationsEnabled": false,
        "_sortingName": "Augsburg",
        "_tunewsEnabled": false,
      },
    ]
  }
/>
`;
