// Jest Snapshot v1, https://goo.gl/fbAQLP

exports[`morphContentLanguage should translate route 1`] = `
Object {
  "categoriesMap": CategoriesMapModel {
    "_categories": Map {
      "/augsburg/en" => CategoryModel {
        "_availableLanguages": Object {},
        "_content": "",
        "_hash": "",
        "_lastUpdate": undefined,
        "_order": -1,
        "_parentPath": "",
        "_path": "/augsburg/en",
        "_root": true,
        "_thumbnail": "no_thumbnail",
        "_title": "augsburg",
      },
      "/augsburg/en/anlaufstellen" => CategoryModel {
        "_availableLanguages": Map {
          "de" => "/augsburg/de/anlaufstellen",
        },
        "_content": "",
        "_hash": "8cff3dcb420c0bbcbf612bf57f3c04ae",
        "_lastUpdate": "2017-11-18T19:30:00.000Z",
        "_order": 75,
        "_parentPath": "/augsburg/en",
        "_path": "/augsburg/en/anlaufstellen",
        "_root": false,
        "_thumbnail": "https://cms.integreat-app.de/thumbnail.png",
        "_title": "Contact points for other topics",
      },
      "/augsburg/en/erste-schritte" => CategoryModel {
        "_availableLanguages": Map {
          "de" => "/augsburg/de/willkommen",
        },
        "_content": "",
        "_hash": "8cff3dcb420c0bbcbf612bf57f3c04ae",
        "_lastUpdate": "2017-11-18T19:30:00.000Z",
        "_order": 11,
        "_parentPath": "/augsburg/en",
        "_path": "/augsburg/en/erste-schritte",
        "_root": false,
        "_thumbnail": "https://cms.integreat-app.de/thumbnail.png",
        "_title": "Welcome",
      },
      "/augsburg/en/erste-schritte/welcome-to-augsburg" => CategoryModel {
        "_availableLanguages": Map {
          "de" => "/augsburg/de/willkommen/willkommen-in-augsburg",
        },
        "_content": "some content",
        "_hash": "8cff3dcb420c0bbcbf612bf57f3c04ae",
        "_lastUpdate": "2017-11-18T19:30:00.000Z",
        "_order": 1,
        "_parentPath": "/augsburg/en/erste-schritte",
        "_path": "/augsburg/en/erste-schritte/welcome-to-augsburg",
        "_root": false,
        "_thumbnail": "https://cms.integreat-app.de/thumbnail.png",
        "_title": "Welcome to Augsburg",
      },
    },
  },
  "categoriesRouteMapping": Object {
    "route-0": Object {
      "allAvailableLanguages": Map {
        "de" => "/augsburg/de",
        "en" => "/augsburg/en",
      },
      "children": Object {
        "/augsburg/en": Array [
          "/augsburg/en/erste-schritte",
          "/augsburg/en/anlaufstellen",
        ],
        "/augsburg/en/anlaufstellen": Array [],
        "/augsburg/en/erste-schritte": Array [
          "/augsburg/en/erste-schritte/welcome-to-augsburg",
        ],
      },
      "depth": 2,
      "models": Object {
        "/augsburg/en": CategoryModel {
          "_availableLanguages": Object {},
          "_content": "",
          "_hash": "",
          "_lastUpdate": undefined,
          "_order": -1,
          "_parentPath": "",
          "_path": "/augsburg/en",
          "_root": true,
          "_thumbnail": "no_thumbnail",
          "_title": "augsburg",
        },
        "/augsburg/en/anlaufstellen": CategoryModel {
          "_availableLanguages": Map {
            "de" => "/augsburg/de/anlaufstellen",
          },
          "_content": "",
          "_hash": "8cff3dcb420c0bbcbf612bf57f3c04ae",
          "_lastUpdate": "2017-11-18T19:30:00.000Z",
          "_order": 75,
          "_parentPath": "/augsburg/en",
          "_path": "/augsburg/en/anlaufstellen",
          "_root": false,
          "_thumbnail": "https://cms.integreat-app.de/thumbnail.png",
          "_title": "Contact points for other topics",
        },
        "/augsburg/en/erste-schritte": CategoryModel {
          "_availableLanguages": Map {
            "de" => "/augsburg/de/willkommen",
          },
          "_content": "",
          "_hash": "8cff3dcb420c0bbcbf612bf57f3c04ae",
          "_lastUpdate": "2017-11-18T19:30:00.000Z",
          "_order": 11,
          "_parentPath": "/augsburg/en",
          "_path": "/augsburg/en/erste-schritte",
          "_root": false,
          "_thumbnail": "https://cms.integreat-app.de/thumbnail.png",
          "_title": "Welcome",
        },
        "/augsburg/en/erste-schritte/welcome-to-augsburg": CategoryModel {
          "_availableLanguages": Map {
            "de" => "/augsburg/de/willkommen/willkommen-in-augsburg",
          },
          "_content": "some content",
          "_hash": "8cff3dcb420c0bbcbf612bf57f3c04ae",
          "_lastUpdate": "2017-11-18T19:30:00.000Z",
          "_order": 1,
          "_parentPath": "/augsburg/en/erste-schritte",
          "_path": "/augsburg/en/erste-schritte/welcome-to-augsburg",
          "_root": false,
          "_thumbnail": "https://cms.integreat-app.de/thumbnail.png",
          "_title": "Welcome to Augsburg",
        },
      },
      "root": "/augsburg/en",
    },
  },
  "city": "augsburg",
  "eventsRouteMapping": Object {
    "event-route-1": Object {
      "allAvailableLanguages": Map {
        "de" => "de",
        "en" => "en",
      },
      "models": Array [
        EventModel {
          "_availableLanguages": Map {
            "de" => "/augsburg/de/events/erstes_event",
          },
          "_content": "content",
          "_date": DateModel {
            "_allDay": true,
            "_endDate": "2017-11-18T19:30:00.000Z",
            "_startDate": "2017-11-18T09:30:00.000Z",
          },
          "_excerpt": "excerpt",
          "_hash": undefined,
          "_lastUpdate": null,
          "_location": LocationModel {
            "_address": "address",
            "_latitude": undefined,
            "_longitude": undefined,
            "_postcode": "postcode",
            "_town": "town",
          },
          "_path": "/augsburg/en/events/first_event",
          "_thumbnail": "thumbnail",
          "_title": "first Event",
        },
        EventModel {
          "_availableLanguages": Map {
            "en" => "/augsburg/de/events/zweites_event",
          },
          "_content": "content",
          "_date": DateModel {
            "_allDay": true,
            "_endDate": "2017-11-18T19:30:00.000Z",
            "_startDate": "2017-11-18T09:30:00.000Z",
          },
          "_excerpt": "excerpt",
          "_hash": undefined,
          "_lastUpdate": "2016-01-07T09:36:24.000Z",
          "_location": LocationModel {
            "_address": "address",
            "_latitude": undefined,
            "_longitude": undefined,
            "_postcode": "postcode",
            "_town": "town",
          },
          "_path": "/augsburg/en/events/second_event",
          "_thumbnail": "thumbnail",
          "_title": "second Event",
        },
        EventModel {
          "_availableLanguages": Map {
            "de" => "/augsburg/de/events/drittes_event",
          },
          "_content": "content",
          "_date": DateModel {
            "_allDay": true,
            "_endDate": "2017-11-18T19:30:00.000Z",
            "_startDate": "2017-11-18T09:30:00.000Z",
          },
          "_excerpt": "excerpt",
          "_hash": undefined,
          "_lastUpdate": null,
          "_location": LocationModel {
            "_address": "address",
            "_latitude": undefined,
            "_longitude": undefined,
            "_postcode": "postcode",
            "_town": "town",
          },
          "_path": "/augsburg/en/events/third_event",
          "_thumbnail": "thumbnail",
          "_title": "third Event",
        },
      ],
      "path": null,
    },
    "event-route-2": Object {
      "allAvailableLanguages": Map {
        "en" => "/augsburg/en/events/third_event",
        "de" => "/augsburg/de/events/drittes_event",
      },
      "models": Array [
        EventModel {
          "_availableLanguages": Map {
            "de" => "/augsburg/de/events/drittes_event",
          },
          "_content": "content",
          "_date": DateModel {
            "_allDay": true,
            "_endDate": "2017-11-18T19:30:00.000Z",
            "_startDate": "2017-11-18T09:30:00.000Z",
          },
          "_excerpt": "excerpt",
          "_hash": undefined,
          "_lastUpdate": null,
          "_location": LocationModel {
            "_address": "address",
            "_latitude": undefined,
            "_longitude": undefined,
            "_postcode": "postcode",
            "_town": "town",
          },
          "_path": "/augsburg/en/events/third_event",
          "_thumbnail": "thumbnail",
          "_title": "third Event",
        },
      ],
      "path": "/augsburg/en/events/third_event",
    },
  },
  "language": "en",
  "languages": Array [
    LanguageModel {
      "_code": "de",
      "_name": "Deutsch",
    },
    LanguageModel {
      "_code": "en",
      "_name": "English",
    },
  ],
  "lastUpdate": "2017-11-18T09:30:00.000Z",
  "resourceCache": Object {},
}
`;
