// Jest Snapshot v1, https://goo.gl/fbAQLP

exports[`GeneralFooter should match snapshot 1`] = `
<Footer>
  <CleanLink___default
    to="/disclaimer"
  >
    layout:imprintAndContact
  </CleanLink___default>
  <CleanAnchor
    href="https://integreat-app.de/datenschutz/"
    newTab={true}
  >
    layout:privacy
  </CleanAnchor>
</Footer>
`;
