// Jest Snapshot v1, https://goo.gl/fbAQLP

exports[`GeneralHeader should match snapshot 1`] = `
<WithTheme(Header)
  actionItems={
    Array [
      HeaderActionItem {
        "_dropDownNode": undefined,
        "_href": Object {
          "payload": Object {
            "param": undefined,
          },
          "type": "I18N_REDIRECT",
        },
        "_iconSrc": "test-file-stub",
      },
    ]
  }
  logoHref={
    Object {
      "payload": Object {
        "param": undefined,
      },
      "type": "I18N_REDIRECT",
    }
  }
  viewportSmall={true}
/>
`;
