// Jest Snapshot v1, https://goo.gl/fbAQLP

exports[`HeaderActionBar should match snapshot 1`] = `
<div
  className="testClass actionItems"
>
  <Connect(Link)
    href="link1"
    key="0"
  >
    <img
      src="icon1"
    />
  </Connect(Link)>
  <OnClickOutside(HeaderDropDown)
    iconSrc="icon2"
    key="1"
  >
    <div
      id="2"
    />
  </OnClickOutside(HeaderDropDown)>
  <OnClickOutside(HeaderDropDown)
    iconSrc="icon3"
    key="2"
  >
    <div
      id="3"
    />
  </OnClickOutside(HeaderDropDown)>
</div>
`;
