// Jest Snapshot v1, https://goo.gl/fbAQLP

exports[`HeaderNavigationItem should render an ActiveNavigationItem 1`] = `
<HeaderNavigationItem__ActiveNavigationItem
  key="Kategorien"
  selected={true}
  to="/augsburg/de"
>
  Kategorien
</HeaderNavigationItem__ActiveNavigationItem>
`;

exports[`HeaderNavigationItem should render an InactiveNavigationItem 1`] = `
<HeaderNavigationItem__DisabledNavigationItem
  aria-disabled={true}
  aria-label="Kategorien - random tooltip"
  data-tip="random tooltip"
  key="Kategorien"
  role="link"
>
  Kategorien
</HeaderNavigationItem__DisabledNavigationItem>
`;
