// Jest Snapshot v1, https://goo.gl/fbAQLP

exports[`HeaderNavigationItem should render an ActiveNavigationItem 1`] = `
<HeaderNavigationItemstyles__ActiveNavigationItem
  key="Kategorien"
  selected={true}
  to="/augsburg/de"
>
  Kategorien
</HeaderNavigationItemstyles__ActiveNavigationItem>
`;

exports[`HeaderNavigationItem should render an InactiveNavigationItem 1`] = `
<HeaderNavigationItemstyles__InactiveNavigationItem
  data-tip="random tooltip"
  key="Kategorien"
>
  Kategorien
</HeaderNavigationItemstyles__InactiveNavigationItem>
`;
