// Jest Snapshot v1, https://goo.gl/fbAQLP

exports[`HeaderActionBar should match snapshot 1`] = `
<HeaderActionBar__ActionItems
  className="testClass"
>
  <HeaderActionItemLink
    href="/random_route"
    iconSrc="icon1"
    text="text1"
  />
  ,
  <HeaderActionItemDropDown
    iconSrc="icon2"
    text="text2"
  >
    <div
      id="2"
    />
  </HeaderActionItemDropDown>
  ,
  <HeaderActionItemDropDown
    iconSrc="icon3"
    text="text3"
  >
    <div
      id="2"
    />
  </HeaderActionItemDropDown>
  ,
</HeaderActionBar__ActionItems>
`;
