// Jest Snapshot v1, https://goo.gl/fbAQLP

exports[`HeaderActionBar should match snapshot 1`] = `
<HeaderActionBarstyles__ActionItems
  className="testClass"
>
  <Connect(Link)
    key="0"
    to={
      Object {
        "type": "RANDOM_HREF",
      }
    }
  >
    <img
      src="icon1"
    />
  </Connect(Link)>
  <React.Fragment
    key="1"
  >
    <div
      id="2"
    />
  </React.Fragment>
  <React.Fragment
    key="2"
  >
    <div
      id="3"
    />
  </React.Fragment>
</HeaderActionBarstyles__ActionItems>
`;
