// Jest Snapshot v1, https://goo.gl/fbAQLP

exports[`HeaderDropDown should match snapshot 1`] = `
<HeaderDropDown__StyledButton
  aria-label="some text"
  data-tip="some text"
>
  <img
    alt=""
    onClick={[Function]}
    src="/someImg"
  />
  <HeaderDropDown__DropDownContainer
    active={false}
  >
    <MockNode
      closeDropDownCallback={[Function]}
    />
  </HeaderDropDown__DropDownContainer>
</HeaderDropDown__StyledButton>
`;
