// Jest Snapshot v1, https://goo.gl/fbAQLP

exports[`HeaderNavigationBar should match snapshot 1`] = `
<HeaderNavigationBar__NavigationBarContainer
  className="testClass"
  hidden={false}
>
  <HeaderNavigationItem
    active={true}
    href="/random_route"
    icon="icon1"
    text="text1"
  />
  <HeaderNavigationItem
    active={false}
    href="/another_route"
    icon="icon2"
    text="text2"
    tooltip="tooltip1"
  />
</HeaderNavigationBar__NavigationBarContainer>
`;
