// Jest Snapshot v1, https://goo.gl/fbAQLP

exports[`HeaderDropDown should match snapshot 1`] = `
<div>
  <HeaderDropDown__StyledButton
    aria-label="some text"
    data-tip="some text"
    onClick={[Function]}
    selector="button"
  >
    <img
      alt=""
      src="/someImg"
    />
  </HeaderDropDown__StyledButton>
  <HeaderDropDown__DropDownContainer
    active={false}
  >
    <MockNode
      closeDropDownCallback={[Function]}
    />
  </HeaderDropDown__DropDownContainer>
</div>
`;
