// Jest Snapshot v1, https://goo.gl/fbAQLP

exports[`Layout should match snapshot 1`] = `
<div
  className="richLayout"
>
  <div>
    <header />
    <main
      className="layout"
    >
      <div
        className="content"
      >
        Here comes the main content.
      </div>
    </main>
  </div>
  <footer />
</div>
`;
