// Jest Snapshot v1, https://goo.gl/fbAQLP

exports[`Layout should render all components 1`] = `
<Layoutstyles__RichLayout>
  <div>
    <header />
    <Layoutstyles__Body>
      <withPlatform(Layoutstyles__Aside)
        style={
          Object {
            "top": "40px",
          }
        }
      >
        <div>
          toolybar
        </div>
      </withPlatform(Layoutstyles__Aside)>
      <Layoutstyles__Main>
        <p>
           
          content right here
        </p>
      </Layoutstyles__Main>
    </Layoutstyles__Body>
  </div>
  <footer />
  <ReactTooltip
    delayShow={0}
    effect="solid"
    insecure={true}
    resizeHide={true}
    type="dark"
    wrapper="div"
  />
</Layoutstyles__RichLayout>
`;
