// Jest Snapshot v1, https://goo.gl/fbAQLP

exports[`LocationFooter should match snapshot 1`] = `
<Footer
  onClick={[Function]}
>
  <CleanLink___default
    aria-label="imprintAndContact"
    to="/augsburg/de/disclaimer"
  >
    imprintAndContact
  </CleanLink___default>
  <CleanAnchor
    href="https://integreat-app.de/datenschutz/"
    newTab={true}
    title="privacy"
  >
    privacy
  </CleanAnchor>
</Footer>
`;
