// Jest Snapshot v1, https://goo.gl/fbAQLP

exports[`LocationToolbar should match snapshot 1`] = `
<Toolbar>
  <div>
    MockNode
  </div>
  <Translate(FeedbackLink)
    isPositiveRatingLink={true}
    openFeedbackModal={[Function]}
  />
  <Translate(FeedbackLink)
    isPositiveRatingLink={false}
    openFeedbackModal={[Function]}
  />
</Toolbar>
`;
