// Jest Snapshot v1, https://goo.gl/fbAQLP

exports[`LocationFooter should match snapshot 1`] = `
<Footer>
  <Connect(Link)
    to={
      Object {
        "payload": Object {
          "city": "augsburg",
          "language": "de",
        },
        "type": "DISCLAIMER",
      }
    }
  >
    imprintAndContact
  </Connect(Link)>
  <a
    href="https://integreat-app.de/datenschutz/"
  >
    privacy
  </a>
</Footer>
`;
