// Jest Snapshot v1, https://goo.gl/fbAQLP

exports[`LocationToolbar should match snapshot 1`] = `
<Translate(Connect(Toolbar))>
  <div>
    MockNode
  </div>
  <Translate(Connect(FeedbackToolbarItem))
    isPositiveRatingLink={true}
    openFeedbackModal={[Function]}
  />
  <Translate(Connect(FeedbackToolbarItem))
    isPositiveRatingLink={false}
    openFeedbackModal={[Function]}
  />
</Translate(Connect(Toolbar))>
`;
