// Jest Snapshot v1, https://goo.gl/fbAQLP

exports[`Breadcrumbs should render and match snapshot 1`] = `
<styled.div
  direction="rtl"
>
  <styled.ol
    direction="rtl"
  >
    <Breadcrumb
      key="0"
    >
      <a
        href="/"
      >
        Home
      </a>
    </Breadcrumb>
    <Breadcrumb
      key="1"
    >
      <a
        href="/sub"
      >
        Subcategory
      </a>
    </Breadcrumb>
  </styled.ol>
</styled.div>
`;
