// Jest Snapshot v1, https://goo.gl/fbAQLP

exports[`NothingFoundFeedbackBox should match snapshot 1`] = `
<styled.div>
  <FeedbackComment
    comment=""
    commentMessage="wantedInformation"
    onCommentChanged={[Function]}
  />
  <TextButton
    onClick={[Function]}
    text="send"
  />
</styled.div>
`;

exports[`NothingFoundFeedbackBox should show a thanks message after feedback was sent 1`] = `
<styled.div>
  <styled.div>
    thanksMessage
  </styled.div>
</styled.div>
`;
