// Jest Snapshot v1, https://goo.gl/fbAQLP

exports[`SearchFeedback should render a FeedbackButton if results are found and the query is not empty 1`] = `
<styled.div>
  <TextButton
    onClick={[Function]}
    text="feedback:informationNotFound"
  />
</styled.div>
`;

exports[`SearchFeedback should render a NothingFoundFeedbackBox if no results are found 1`] = `
<styled.div>
  <styled.div>
    feedback:nothingFound
  </styled.div>
  <NothingFoundFeedbackBox
    cityCode="augsburg"
    languageCode="de"
    query="abc"
  />
</styled.div>
`;

exports[`SearchFeedback should render neither a NothingFoundFeedbackBox nor a FeedbackButton 1`] = `
<styled.div>
  <TextButton
    onClick={[Function]}
    text="feedback:informationNotFound"
  />
</styled.div>
`;
