// Jest Snapshot v1, https://goo.gl/fbAQLP

exports[`SprungbrettList should match snapshot 1`] = `
<Fragment>
  <Caption
    title="Sprungbrett"
  />
  <StyledList>
    <ListItem
      isExternalUrl={true}
      key="0"
      path="http://example.com"
      title="WebDeveloper"
    >
      <div>
        Augsburg
      </div>
    </ListItem>
    <ListItem
      isExternalUrl={true}
      key="1"
      path="http://example.com"
      title="BackendDeveloper"
    >
      <div>
        Augsburg
      </div>
    </ListItem>
    <ListItem
      isExternalUrl={true}
      key="2"
      path="http://example.com"
      title="Freelancer"
    >
      <div>
        Augsburg
      </div>
    </ListItem>
  </StyledList>
</Fragment>
`;
