// Jest Snapshot v1, https://goo.gl/fbAQLP

exports[`SprungbrettListItem should match snapshot 1`] = `
<ListElement>
  <CleanAnchor
    rel="noreferrer"
    target="_blank"
  >
    <SprungbrettListItem__Title>
      WebDeveloper
    </SprungbrettListItem__Title>
    <SprungbrettListItem__Description>
      Augsburg
    </SprungbrettListItem__Description>
  </CleanAnchor>
</ListElement>
`;
