// Jest Snapshot v1, https://goo.gl/fbAQLP

exports[`LandingPage should match snapshot 1`] = `
<Translate(FilterableCitySelector)
  cities={
    Array [
      CityModel {
        "_aliases": Object {
          "Konigsbrunn": Object {
            "latitude": 48.267499,
            "longitude": 10.889586,
          },
        },
        "_code": "augsburg",
        "_eventsEnabled": true,
        "_latitude": 48.369696,
        "_live": true,
        "_longitude": 10.892578,
        "_name": "Stadt Augsburg",
        "_offersEnabled": true,
        "_poisEnabled": true,
        "_prefix": "Stadt",
        "_pushNotificationsEnabled": false,
        "_sortingName": "Augsburg",
        "_tunewsEnabled": false,
      },
      CityModel {
        "_aliases": null,
        "_code": "oldtown",
        "_eventsEnabled": true,
        "_latitude": null,
        "_live": false,
        "_longitude": null,
        "_name": "Oldtown",
        "_offersEnabled": true,
        "_poisEnabled": false,
        "_prefix": "GoT",
        "_pushNotificationsEnabled": false,
        "_sortingName": "Oldtown",
        "_tunewsEnabled": false,
      },
    ]
  }
  language="de"
/>
`;
