// Jest Snapshot v1, https://goo.gl/fbAQLP

exports[`createWohnenEndpoint should map fetched data to models 1`] = `
Array [
  WohnenOfferModel {
    "_createdDate": "2019-03-03T17:45:11.050Z",
    "_email": "markl@integreat-app.de",
    "_formData": WohnenFormData {
      "_accommodation": Object {
        "location": "Mittendrin",
        "moveInDate": "2019-03-03T17:44:06.000Z",
        "ofRooms": Array [
          "kitchen",
          "child1",
        ],
        "ofRoomsDiff": Array [
          "bath",
          "wc",
          "child2",
          "child3",
          "bed",
          "livingroom",
          "hallway",
          "store",
          "basement",
          "balcony",
        ],
        "title": "2 ZKB mit Balkon und Garten, WG-geeignet",
        "totalArea": 123,
        "totalRooms": 2,
      },
      "_costs": Object {
        "additionalCosts": 20,
        "baseRent": 300,
        "hotWaterInHeatingCosts": false,
        "ofAdditionalServices": Array [
          "garage",
        ],
        "ofAdditionalServicesDiff": Array [],
        "ofRunningServices": Array [
          "heating",
          "chimney",
        ],
        "ofRunningServicesDiff": Array [
          "water",
          "garbage",
        ],
        "runningCosts": 200,
      },
      "_landlord": Object {
        "firstName": "Michael",
        "lastName": "Markl",
        "phone": "0123 / 456789",
      },
    },
  },
]
`;
