// Jest Snapshot v1, https://goo.gl/fbAQLP

exports[`CityEntry should match snapshot 1`] = `
<CityEntry__CityListItem
  to="/augsburg/de"
>
  <Highlighter
    caseSensitive={false}
    diacriticsBlacklist=""
    ignoreDiacritics={false}
    matchClass="highlight"
    matchElement="mark"
    matchStyle={Object {}}
    search=""
  >
    Augsburg
  </Highlighter>
</CityEntry__CityListItem>
`;
