// Jest Snapshot v1, https://goo.gl/fbAQLP

exports[`CityEntry should match snapshot 1`] = `
<CitySelectorstyles__CityListItem
  to={
    Object {
      "payload": Object {
        "categoryPath": undefined,
        "city": "augsburg",
        "language": "de",
      },
      "type": "CATEGORIES",
    }
  }
>
  <Highlighter
    caseSensitive={false}
    matchClass="highlight"
    matchElement="strong"
    matchStyle={Object {}}
    search=""
  >
    Augsburg
  </Highlighter>
</CitySelectorstyles__CityListItem>
`;
