// Jest Snapshot v1, https://goo.gl/fbAQLP

exports[`FilterableLocationSelector should render 1`] = `
<div
  className="topSpacing"
>
  <Translate(Heading) />
  <ScrollingSearchBox
    filterText=""
    onFilterTextChange={[Function]}
  >
    <LocationSelector
      cities={
        Array [
          CityModel {
            "_code": "city",
            "_eventsEnabled": false,
            "_extrasEnabled": false,
            "_live": true,
            "_name": "City",
            "_sortingName": "City",
          },
          CityModel {
            "_code": "otherCity",
            "_eventsEnabled": false,
            "_extrasEnabled": false,
            "_live": true,
            "_name": "Other city",
            "_sortingName": "Other city",
          },
          CityModel {
            "_code": "nonlive",
            "_eventsEnabled": false,
            "_extrasEnabled": false,
            "_live": false,
            "_name": "Not-live",
            "_sortingName": "Not-live",
          },
          CityModel {
            "_code": "yetanothercity",
            "_eventsEnabled": false,
            "_extrasEnabled": false,
            "_live": true,
            "_name": "Yet another city",
            "_sortingName": "Yet another city",
          },
        ]
      }
      filterText=""
      language="de"
      stickyTop={0}
    />
  </ScrollingSearchBox>
</div>
`;
