// Jest Snapshot v1, https://goo.gl/fbAQLP

exports[`Heading should render 1`] = `
<ThemeProvider
  theme={
    Object {
      "colors": Object {
        "backgroundAccentColor": "#fafafa",
        "backgroundColor": "#ffffff",
        "textColor": "#000000",
        "textDecorationColor": "#c7c7c7",
        "textDisabledColor": "#d0d0d0",
        "textSecondaryColor": "#585858",
        "themeColor": "#fbda16",
        "themeDarkColor": "#c4a900",
      },
      "dimensions": Object {
        "headerHeightLarge": 85,
        "headerHeightSmall": 55,
        "maxWidth": 1100,
        "minMaxWidth": "screen and (min-width: 1100px)",
        "smallViewport": "(max-width: 750px)",
        "toolbarWidth": 125,
      },
      "fonts": Object {
        "contentFontFamily": "'Open Sans', 'Lateef', sans-serif",
        "contentFontSize": "0.95rem",
        "contentLineHeight": 1.4,
        "decorativeFontFamily": "'Raleway', 'Lateef', sans-serif",
        "decorativeFontSize": "0.95rem",
        "decorativeLineHeight": 1.3,
        "fontSizeAdjust": 0.55,
        "standardParagraphMargin": "0.75rem",
        "subTitleFontSize": "1.8rem",
      },
      "helpers": Object {
        "removeLinkHighlighting": "
    color: inherit;
    text-decoration: none;
  ",
      },
    }
  }
>
  <Translate(Heading)>
    <Heading
      i18n={
        I18n {
          "logger": Logger {
            "debug": undefined,
            "logger": Object {
              "error": [Function],
              "log": [Function],
              "output": [Function],
              "type": "logger",
              "warn": [Function],
            },
            "options": Object {},
            "prefix": "i18next:",
          },
          "modules": Object {
            "external": Array [],
          },
          "observers": Object {},
          "options": Object {},
          "services": Object {},
        }
      }
      t={[Function]}
    >
      <div>
        <Heading__Logo
          src="test-file-stub"
        >
          <StyledComponent
            forwardedComponent={
              Object {
                "$$typeof": Symbol(react.forward_ref),
                "attrs": Array [],
                "componentStyle": ComponentStyle {
                  "componentId": "Heading__Logo-nspadb-0",
                  "isStatic": true,
                  "lastClassName": "douIoU",
                  "rules": Array [
                    "display:block;height:70px;margin:0 auto;",
                  ],
                },
                "displayName": "Heading__Logo",
                "foldedComponentIds": Array [],
                "render": [Function],
                "styledComponentId": "Heading__Logo-nspadb-0",
                "target": "img",
                "toString": [Function],
                "warnTooManyClasses": [Function],
                "withComponent": [Function],
              }
            }
            forwardedRef={null}
            src="test-file-stub"
          >
            <img
              className="Heading__Logo-nspadb-0 douIoU"
              src="test-file-stub"
            />
          </StyledComponent>
        </Heading__Logo>
        <Caption
          title="landing:where"
        >
          <Caption__H1>
            <StyledComponent
              forwardedComponent={
                Object {
                  "$$typeof": Symbol(react.forward_ref),
                  "attrs": Array [],
                  "componentStyle": ComponentStyle {
                    "componentId": "Caption__H1-sc-1ggkcri-0",
                    "isStatic": false,
                    "lastClassName": "gqxdkx",
                    "rules": Array [
                      "margin:25px 0;font-size:2rem;text-align:center;@media ",
                      [Function],
                      "{margin:10px 0;}",
                    ],
                  },
                  "displayName": "Caption__H1",
                  "foldedComponentIds": Array [],
                  "render": [Function],
                  "styledComponentId": "Caption__H1-sc-1ggkcri-0",
                  "target": "h1",
                  "toString": [Function],
                  "warnTooManyClasses": [Function],
                  "withComponent": [Function],
                }
              }
              forwardedRef={null}
            >
              <h1
                className="Caption__H1-sc-1ggkcri-0 gqxdkx"
              >
                landing:where
              </h1>
            </StyledComponent>
          </Caption__H1>
        </Caption>
      </div>
    </Heading>
  </Translate(Heading)>
</ThemeProvider>
`;
