// Jest Snapshot v1, https://goo.gl/fbAQLP

exports[`LocationEntry should match snapshot 1`] = `
<Connect(Link)
  className="locationListItem"
  href="/augsburg/de"
>
  <Highlighter
    caseSensitive={false}
    matchClass="highlight"
    matchElement="strong"
    matchStyle={Object {}}
    search=""
  >
    Augsburg
  </Highlighter>
</Connect(Link)>
`;
