// Jest Snapshot v1, https://goo.gl/fbAQLP

exports[`TunewsDetailsFooter should render and match snapshot 1`] = `
<TunewsDetailsFooter__Footer>
  <TunewsDetailsFooter__StyledContainer>
    E-news No: 
    tun0000009902
  </TunewsDetailsFooter__StyledContainer>
  <TunewsDetailsFooter__StyledContainer>
    <TunewsDetailsFooter__StyledLink
      href="https://tunewsinternational.com"
      target="_blank"
    >
      tünews INTERNATIONAL
    </TunewsDetailsFooter__StyledLink>
  </TunewsDetailsFooter__StyledContainer>
  <TunewsDetailsFooter__CustomLastUpdateInfo
    language="en"
    lastUpdate={"2020-03-20T17:50:00.000Z"}
  />
</TunewsDetailsFooter__Footer>
`;
