// Jest Snapshot v1, https://goo.gl/fbAQLP

exports[`ExtrasPage should render extra tiles if no extra is selected 1`] = `
<React.Fragment>
  <Connect(Helmet)
    title="pageTitle - Augsburg"
  />
  <Caption
    title="extras"
  />
  <Tiles
    tiles={
      Array [
        TileModel {
          "_id": "sprungbrett",
          "_isExternalUrl": false,
          "_path": "/augsburg/de/extras/sprungbrett",
          "_thumbnail": "xy",
          "_title": "Sprungbrett",
        },
        TileModel {
          "_id": "ihk-lehrstellenboerse",
          "_isExternalUrl": true,
          "_path": "ihk-jobborese.com",
          "_thumbnail": "xy",
          "_title": "Jobboerse",
        },
        TileModel {
          "_id": "ihk-praktikumsboerse",
          "_isExternalUrl": true,
          "_path": "ihk-pratkitkumsboerse.com",
          "_thumbnail": "xy",
          "_title": "Praktikumsboerse",
        },
      ]
    }
  />
</React.Fragment>
`;
