// Jest Snapshot v1, https://goo.gl/fbAQLP

exports[`Breadcrumbs should render and match snapshot 1`] = `
<Breadcrumbsstyles__Wrapper>
  <Breadcrumbsstyles__Breadcrumb
    href="/augsburg/de"
    key="/augsburg/de"
  >
    <Breadcrumbsstyles__Separator />
    <Breadcrumbsstyles__Title>
      Augsburg
    </Breadcrumbsstyles__Title>
  </Breadcrumbsstyles__Breadcrumb>
  <Breadcrumbsstyles__Breadcrumb
    href="/augsburg/de/willkommen"
    key="/augsburg/de/willkommen"
  >
    <Breadcrumbsstyles__Separator />
    <Breadcrumbsstyles__Title>
      Willkommen
    </Breadcrumbsstyles__Title>
  </Breadcrumbsstyles__Breadcrumb>
  <Breadcrumbsstyles__Breadcrumb
    href="/augsburg/de/willkommen/willkommen-in-augsburg"
    key="/augsburg/de/willkommen/willkommen-in-augsburg"
  >
    <Breadcrumbsstyles__Separator />
    <Breadcrumbsstyles__Title>
      Willkommen in Augsburg
    </Breadcrumbsstyles__Title>
  </Breadcrumbsstyles__Breadcrumb>
</Breadcrumbsstyles__Wrapper>
`;
