// Jest Snapshot v1, https://goo.gl/fbAQLP

exports[`CategoryList should render 1`] = `
<div>
  <Caption
    title="Augsburg"
  />
  <Row
    className="categoryTiles"
  >
    <CategoryTile
      category={
        CategoryModel {
          "_availableLanguages": Object {},
          "_content": "",
          "_id": 35,
          "_order": 0,
          "_parentId": -1,
          "_parentUrl": null,
          "_thumbnail": null,
          "_title": "Willkommen in Augsburg",
          "_url": "/augsburg/de/willkommen/willkommen-in-augsburg",
        }
      }
      key="35"
    />
    <CategoryTile
      category={
        CategoryModel {
          "_availableLanguages": Object {},
          "_content": "",
          "_id": 35,
          "_order": 0,
          "_parentId": -1,
          "_parentUrl": null,
          "_thumbnail": null,
          "_title": "Willkommen in Augsburg",
          "_url": "/augsburg/de/willkommen/willkommen-in-augsburg",
        }
      }
      key="35"
    />
  </Row>
</div>
`;
