// Jest Snapshot v1, https://goo.gl/fbAQLP

exports[`CategoryTile should render and match snapshot 1`] = `
<div
  className="category"
>
  <Connect(Link)
    href="/augsburg/de/willkommen"
  >
    <div
      className="categoryThumbnail"
    >
      <img
        src="https://cms.integreat-ap…03/Beratung-150x150.png"
      />
    </div>
    <div
      className="categoryTitle"
    >
      Willkommen
    </div>
  </Connect(Link)>
</div>
`;
