// Jest Snapshot v1, https://goo.gl/fbAQLP

exports[`CategoryTile should render and match snapshot 1`] = `
<Col
  className="category"
  sm={4}
  xs={6}
>
  <Connect(Link)
    href="/augsburg/de/willkommen"
  >
    <img
      className="categoryThumbnail"
      src="https://cms.integreat-ap…03/Beratung-150x150.png"
    />
    <div
      className="categoryTitle"
    >
      Willkommen
    </div>
  </Connect(Link)>
</Col>
`;
