// Jest Snapshot v1, https://goo.gl/fbAQLP

exports[`CategoryTiles should match snapshot 1`] = `
<div>
  <Caption
    title="Augsburg"
  />
  <Row
    className="categoryTiles"
  >
    <CategoryTile
      category={
        Object {
          "id": 35,
          "title": "Willkommen in Augsburg",
          "url": "/augsburg/de/willkommen/willkommen-in-augsburg",
        }
      }
      key="35"
    />
    <CategoryTile
      category={
        Object {
          "id": 35,
          "title": "Willkommen in Augsburg",
          "url": "/augsburg/de/willkommen/willkommen-in-augsburg",
        }
      }
      key="35"
    />
  </Row>
</div>
`;
