// Jest Snapshot v1, https://goo.gl/fbAQLP

exports[`withLayout should match snapshot with passed props 1`] = `
<div
  className="richLayout"
>
  <div>
    <Header
      customProp="test"
      onStickyTopChanged={[Function]}
    />
    <div
      className="body"
    >
      <aside
        className="aside"
        style={
          Object {
            "top": "0px",
          }
        }
      >
        <Toolbar
          customProp="test"
        />
      </aside>
      <main
        className="main"
      >
        <MainContent
          customProp="test"
        />
      </main>
    </div>
  </div>
  <Footer
    customProp="test"
  />
  <ReactTooltip
    delayShow={0}
    effect="solid"
    insecure={true}
    resizeHide={true}
    wrapper="div"
  />
</div>
`;
