// Jest Snapshot v1, https://goo.gl/fbAQLP

exports[`EventListItem should render and match snapshot 1`] = `
<ListItem
  isExternalUrl={false}
  path="/augsburg/en/events/first_event"
  thumbnail="thumbnail"
  title="first Event"
>
  <div>
    <div>
      18. November 2017
    </div>
    <div>
      name, address, postcode town
    </div>
  </div>
  <div>
    very loooooooooooooooooooooooooooooooooooooooooooooooooooooooooooooooo...
  </div>
</ListItem>
`;
