// Jest Snapshot v1, https://goo.gl/fbAQLP

exports[`Breadcrumbs should render and match snapshot 1`] = `
<Breadcrumbs__Wrapper
  direction="rtl"
>
  <Breadcrumbs__OrderedList
    direction="rtl"
  >
    <Breadcrumb
      key="0"
    >
      <a
        href="link1"
      >
        asdf
      </a>
    </Breadcrumb>
    <Breadcrumb
      key="1"
    >
      <a
        href="link1/test"
      >
        test
      </a>
    </Breadcrumb>
  </Breadcrumbs__OrderedList>
</Breadcrumbs__Wrapper>
`;
