// Jest Snapshot v1, https://goo.gl/fbAQLP

exports[`Caption should render and display a Caption 1`] = `
Object {
  "output": <ForwardRef
    theme={
      Object {
        "colors": Object {
          "backgroundAccentColor": "#111111",
          "backgroundColor": "#222222",
          "textColor": "#BBBBBB",
          "textDecorationColor": "#555555",
          "textSecondaryColor": "#888888",
          "themeColor": "#fbda16",
          "themeDarkColor": "#c4a900",
        },
        "dimensions": Object {
          "headerHeight": 60,
          "modalHeaderHeight": 40,
        },
        "fonts": Object {
          "contentFontBold": "OpenSans-Bold",
          "contentFontRegular": "OpenSans-Regular",
          "contentFontSize": "0.95rem",
          "contentLineHeight": 1.4,
          "decorativeFontBold": "Raleway-Bold",
          "decorativeFontRegular": "Raleway-Regular",
          "decorativeFontSize": "0.95rem",
          "decorativeLineHeight": 1.3,
          "fontSizeAdjust": 0.55,
          "standardParagraphMargin": "0.75rem",
          "subTitleFontSize": "1.8rem",
          "webviewFontFamilies": "'OpenSans', sans-serif",
        },
      }
    }
  >
    This is a test title!
  </ForwardRef>,
}
`;
