// Jest Snapshot v1, https://goo.gl/fbAQLP

exports[`FailureSwitcher render component not found failure should render a category not found failure and match snapshot 1`] = `
<Translate(Failure)
  errorMessage="notFound.category"
  goToMessage="goTo.categories"
  goToPath="/augsburg/de"
/>
`;

exports[`FailureSwitcher render component not found failure should render a event not found failure and match snapshot 1`] = `
<Translate(Failure)
  errorMessage="notFound.event"
  goToMessage="goTo.events"
  goToPath="/augsburg/de/events"
/>
`;

exports[`FailureSwitcher render component not found failure should render a extra not found failure and match snapshot 1`] = `
<Translate(Failure)
  errorMessage="notFound.extra"
  goToMessage="goTo.extras"
  goToPath="/augsburg/de/extras"
/>
`;

exports[`FailureSwitcher should render a content not found failure if there is a ContentNotFoundError 1`] = `
<Translate(Failure)
  errorMessage="notFound.extra"
  goToMessage="goTo.extras"
  goToPath="/augsburg/de/extras"
/>
`;

exports[`FailureSwitcher should render a failure as default 1`] = `
<Translate(Failure)
  errorMessage="error message"
/>
`;
