// Jest Snapshot v1, https://goo.gl/fbAQLP

exports[`Failure connect should match snapshot 1`] = `
<Failure
  error="Error Message"
  t={[Function]}
/>
`;

exports[`Failure should match snapshot 1`] = `
<div>
  <div
    className="centerText"
  >
    Error Message
  </div>
  <div
    className="centerText"
  >
    <FontAwesome
      name="frown-o"
      size="5x"
    />
  </div>
  <Connect(Link)
    clssName="centerText"
    href="/"
  >
    Go Back
  </Connect(Link)>
</div>
`;
