// Jest Snapshot v1, https://goo.gl/fbAQLP

exports[`Failure connect should match snapshot 1`] = `
<Failure
  error="Error Message"
  t={[Function]}
/>
`;

exports[`Failure should match snapshot 1`] = `
<Failurestyles__Centered>
  <div>
    Error Message
  </div>
  <div>
    <FontAwesome
      name="frown-o"
      size="5x"
    />
  </div>
  <Connect(Link)
    to={
      Object {
        "payload": Object {
          "param": undefined,
        },
        "type": "I18N_REDIRECT",
      }
    }
  >
    goTo.start
  </Connect(Link)>
</Failurestyles__Centered>
`;
