// Jest Snapshot v1, https://goo.gl/fbAQLP

exports[`Page should render 1`] = `
<div>
  <Caption
    title="Test Title"
  />
  <RemoteContent
    centered={false}
    dangerouslySetInnerHTML={
      Object {
        "__html": "This is a test content",
      }
    }
    hijackRegExp={/https\\?:\\\\/\\\\/\\(cms\\\\\\.integreat-app\\\\\\.de\\|web\\\\\\.integreat-app\\\\\\.de\\|integreat\\\\\\.app\\)\\(\\?!\\\\/\\[\\^\\\\/\\]\\*\\\\/\\(wp-content\\|wp-admin\\|wp-json\\)\\\\/\\.\\*\\)\\.\\*/}
    onInternLinkClick={[Function]}
  />
</div>
`;
