// Jest Snapshot v1, https://goo.gl/fbAQLP

exports[`LanguageFailure should match snapshot 1`] = `
<Fragment>
  <Caption
    title="Stadt Augsburg"
  />
  <LanguageFailure__ChooseLanguage>
    notFound.language chooseALanguage
  </LanguageFailure__ChooseLanguage>
  <Translate(LanguageSelector)
    isHeaderActionItem={false}
    languageChangePaths={
      Array [
        Object {
          "code": "de",
          "name": "Deutsch",
          "path": "/augsburg/de",
        },
        Object {
          "code": "en",
          "name": "English",
          "path": "/augsburg/en",
        },
        Object {
          "code": "ar",
          "name": "Arabic",
          "path": "/augsburg/ar",
        },
      ]
    }
    location={
      Object {
        "history": undefined,
        "kind": undefined,
        "pathname": "/random_pathname",
        "payload": Object {
          "city": "augsburg",
        },
        "prev": Object {
          "pathname": "/random_prev_pathname",
          "payload": Object {},
          "type": "RANDOM_PREV_TYPE",
        },
        "query": Object {},
        "routesMap": Object {},
        "type": "CATEGORIES",
      }
    }
  />
</Fragment>
`;
