// Jest Snapshot v1, https://goo.gl/fbAQLP

exports[`SearchFeedback should render a FeedbackButton if results are found and the query is not empty 1`] = `
<SearchFeedback__FeedbackContainer>
  <TextButton
    onClick={[Function]}
    text="informationNotFound"
  />
</SearchFeedback__FeedbackContainer>
`;

exports[`SearchFeedback should render a NothingFoundFeedbackBox if no results are found 1`] = `
<SearchFeedback__FeedbackContainer>
  <SearchFeedback__NothingFound>
    nothingFound
  </SearchFeedback__NothingFound>
  <Translate(NothingFoundFeedbackBox)
    location={
      Object {
        "history": undefined,
        "kind": undefined,
        "pathname": "/random_pathname",
        "payload": Object {
          "city": "augsburg",
          "language": "de",
        },
        "prev": Object {
          "pathname": "/random_prev_pathname",
          "payload": Object {},
          "type": "RANDOM_PREV_TYPE",
        },
        "query": Object {
          "feedback": "up",
        },
        "routesMap": Object {},
        "type": "SEARCH",
      }
    }
    query="abc"
  />
</SearchFeedback__FeedbackContainer>
`;

exports[`SearchFeedback should render neither a NothingFoundFeedbackBox nor a FeedbackButton 1`] = `
<SearchFeedback__FeedbackContainer>
  <TextButton
    onClick={[Function]}
    text="informationNotFound"
  />
</SearchFeedback__FeedbackContainer>
`;
