// Jest Snapshot v1, https://goo.gl/fbAQLP

exports[`I18nProvider should connect to the store 1`] = `
Object {
  "children": <div />,
  "language": "language1",
  "setUiDirection": [Function],
}
`;

exports[`I18nProvider should initialize correct i18next instance 1`] = `
Object {
  "debug": true,
  "fallbackLng": Array [
    "en",
    "de",
  ],
  "load": "languageOnly",
}
`;

exports[`I18nProvider should match snapshot 1`] = `
<div
  style={
    Object {
      "direction": "ltr",
    }
  }
>
  <HelmetWrapper
    defer={true}
    encodeSpecialCharacters={true}
  >
    <SideEffect(NullComponent)
      defer={true}
      encodeSpecialCharacters={true}
      link={
        Array [
          Object {
            "href": "/fonts/open-sans/open-sans.css",
            "rel": "stylesheet",
          },
          Object {
            "href": "/fonts/raleway/raleway.css",
            "rel": "stylesheet",
          },
        ]
      }
    >
      <NullComponent
        defer={true}
        encodeSpecialCharacters={true}
        link={
          Array [
            Object {
              "href": "/fonts/open-sans/open-sans.css",
              "rel": "stylesheet",
            },
            Object {
              "href": "/fonts/raleway/raleway.css",
              "rel": "stylesheet",
            },
          ]
        }
      />
    </SideEffect(NullComponent)>
  </HelmetWrapper>
  <div />
</div>
`;
