// Jest Snapshot v1, https://goo.gl/fbAQLP

exports[`LanguageFailure should match snapshot 1`] = `
<React.Fragment>
  <Caption
    title="Augsburg"
  />
  <p
    className="chooseLanguage"
  >
    common:chooseYourLanguage
  </p>
  <Connect(getContext(Connect(languagesFetcher)))
    verticalLayout={true}
  />
</React.Fragment>
`;
