// Jest Snapshot v1, https://goo.gl/fbAQLP

exports[`FeedbackBox should match snapshot 1`] = `
<FeedbackBox__StyledFeedbackBox>
  <ModalHeader
    closeFeedbackModal={[Function]}
    title="feedback"
  />
  <FeedbackBox__Description>
    feedbackType
  </FeedbackBox__Description>
  <FeedbackBox__StyledSelect
    onChange={[Function]}
    options={
      Array [
        FeedbackDropdownItem {
          "feedbackType": "categories",
          "label": "label",
          "value": "label",
        },
      ]
    }
    value={
      FeedbackDropdownItem {
        "feedbackType": "categories",
        "label": "label",
        "value": "label",
      }
    }
  />
  <FeedbackComment
    comment=""
    commentMessage="negativeComment"
    onCommentChanged={[Function]}
  />
  <FeedbackBox__SubmitButton
    onClick={[Function]}
  >
    send
  </FeedbackBox__SubmitButton>
</FeedbackBox__StyledFeedbackBox>
`;
