// Jest Snapshot v1, https://goo.gl/fbAQLP

exports[`FeedbackBoxContainer getExtrasFeedbackOptions should return the right options 1`] = `
Array [
  FeedbackDropdownItem {
    "alias": "serlo-abc",
    "feedbackCategory": "Inhalte",
    "feedbackType": "extra",
    "label": "extra 'Serlo ABC'",
    "value": "extra 'Serlo ABC'",
  },
  FeedbackDropdownItem {
    "alias": "sprungbrett",
    "feedbackCategory": "Inhalte",
    "feedbackType": "extra",
    "label": "extra 'Sprungbrett'",
    "value": "extra 'Sprungbrett'",
  },
  FeedbackDropdownItem {
    "alias": "lehrstellen-radar",
    "feedbackCategory": "Inhalte",
    "feedbackType": "extra",
    "label": "extra 'Lehrstellenradar'",
    "value": "extra 'Lehrstellenradar'",
  },
]
`;

exports[`FeedbackBoxContainer should match snapshot 1`] = `
<Translate(FeedbackBox)
  closeFeedbackModal={[Function]}
  comment=""
  feedbackOptions={
    Array [
      FeedbackDropdownItem {
        "alias": undefined,
        "feedbackCategory": "Inhalte",
        "feedbackType": null,
        "label": "contentOfPage",
        "value": "contentOfPage",
      },
      FeedbackDropdownItem {
        "alias": undefined,
        "feedbackCategory": "Inhalte",
        "feedbackType": "categories",
        "label": "contentOfCity Augsburg",
        "value": "contentOfCity Augsburg",
      },
      FeedbackDropdownItem {
        "alias": undefined,
        "feedbackCategory": "Technisches Feedback",
        "feedbackType": "categories",
        "label": "technicalTopics",
        "value": "technicalTopics",
      },
    ]
  }
  isPositiveRatingSelected={true}
  onCommentChanged={[Function]}
  onFeedbackOptionChanged={[Function]}
  onSubmit={[Function]}
  selectedFeedbackOption={
    FeedbackDropdownItem {
      "alias": undefined,
      "feedbackCategory": "Inhalte",
      "feedbackType": null,
      "label": "contentOfPage",
      "value": "contentOfPage",
    }
  }
/>
`;
