// Jest Snapshot v1, https://goo.gl/fbAQLP

exports[`FeedbackModal should match snapshot 1`] = `
<FeedbackModal__ModalContainer>
  <FeedbackModal__Overlay
    onClick={[Function]}
  />
  <FeedbackModal__FeedbackContainer>
    <Translate(FeedbackBoxContainer)
      alias="alias"
      cities={
        Array [
          CityModel {
            "_code": "augsburg",
            "_eventsEnabled": true,
            "_extrasEnabled": false,
            "_live": true,
            "_name": "Augsburg",
            "_sortingName": "Augsburg",
          },
        ]
      }
      closeFeedbackModal={[Function]}
      id={1234}
      isPositiveRatingSelected={true}
      location={
        Object {
          "history": undefined,
          "kind": undefined,
          "pathname": "/random_pathname",
          "payload": Object {
            "city": "augsburg",
            "language": "de",
          },
          "prev": Object {
            "pathname": "/random_prev_pathname",
            "payload": Object {},
            "type": "RANDOM_PREV_TYPE",
          },
          "query": Object {
            "feedback": "up",
          },
          "routesMap": Object {},
          "type": "CATEGORIES",
        }
      }
      onSubmit={[Function]}
      query="ab"
      title="title"
    />
  </FeedbackModal__FeedbackContainer>
</FeedbackModal__ModalContainer>
`;
