// Jest Snapshot v1, https://goo.gl/fbAQLP

exports[`DisclaimerPage should match snapshot 1`] = `
<Page
  content="this is a test content"
  formatter={
    DateFormatter {
      "defaultLocale": "de",
      "fallbackFormat": undefined,
      "format": [Function],
    }
  }
  lastUpdate={"2017-11-18T19:30:00.000Z"}
  onInternalLinkClick={[Function]}
  title="Feedback, Kontakt und mögliches Engagement"
/>
`;
