// Jest Snapshot v1, https://goo.gl/fbAQLP

exports[`FeedbackModal should match snapshot 1`] = `
<div>
  <FeedbackModal__ModalContainer
    isOpen={true}
  >
    <FeedbackModal__FeedbackContainer>
      <Translate(FeedbackBox)
        alias="alias"
        cities={
          Array [
            CityModel {
              "_code": "augsburg",
              "_eventsEnabled": true,
              "_extrasEnabled": false,
              "_live": true,
              "_name": "Augsburg",
              "_sortingName": undefined,
            },
          ]
        }
        commentMessageOverride="wantedInformation"
        id={1234}
        isOpen={true}
        isPositiveRatingSelected={true}
        location={
          Object {
            "payload": Object {
              "city": "augsburg",
              "language": "de",
            },
            "type": "CATEGORIES",
          }
        }
        query="ab"
        title="title"
      />
    </FeedbackModal__FeedbackContainer>
    <FeedbackModal__Overlay
      to={
        Object {
          "payload": Object {
            "city": "augsburg",
            "language": "de",
          },
          "query": undefined,
          "type": "CATEGORIES",
        }
      }
    />
  </FeedbackModal__ModalContainer>
</div>
`;
