// Jest Snapshot v1, https://goo.gl/fbAQLP

exports[`withFetcher should should show error if there is one and it's not hidded 1`] = `
<Component
  className="loading"
  error="Yepp... Error time! Wuschhh!"
/>
`;

exports[`withFetcher should should show nothing if there is no data yet and spinner is hidden 1`] = `<div />`;

exports[`withFetcher should should show spinner if there is no data yet and it's not hidden 1`] = `
<Spinner
  className="loading"
  fadeIn="full"
  name="line-scale-party"
  noFadeIn={false}
  overrideSpinnerClassName=""
/>
`;

exports[`withFetcher should should show wrapped component if there is data 1`] = `
<WrappedComponent
  endpoint={Object {}}
  endpointPayload={
    Payload {
      "_data": Object {},
      "_error": null,
      "_fetchDate": null,
      "_isFetching": false,
      "_requestUrl": null,
    }
  }
  requestAction={[Function]}
  urlParams={Object {}}
/>
`;
