// Jest Snapshot v1, https://goo.gl/fbAQLP

exports[`DatabaseConnector loadResourceCache should return a value that matches the one that was stored 1`] = `
Object {
  "de": Object {
    "/path/to/page": Object {
      "https://test.de/path/to/resource/test.png": Object {
        "filePath": "/local/path/to/resource/b4b5dca65e423.png",
        "hash": "testHash",
        "lastUpdate": "2011-02-04T23:00:00.000Z",
      },
    },
    "/path/to/page/child": Object {
      "https://test.de/path/to/resource/test2.jpg": Object {
        "filePath": "/local/path/to/resource/970c65c41eac0.jpg",
        "hash": "testHash",
        "lastUpdate": "2011-02-04T23:00:00.000Z",
      },
    },
  },
}
`;
