// Jest Snapshot v1, https://goo.gl/fbAQLP

exports[`DatabaseConnector storeResourceCache should delete oldest resource caches if there are more than permitted 1`] = `"{\\"muenchen\\":{\\"last_usage\\":null,\\"languages\\":{}},\\"dortmund\\":{\\"last_usage\\":null,\\"languages\\":{}},\\"ansbach\\":{\\"last_usage\\":\\"2013-05-04T00:00:00.000Z\\",\\"languages\\":{}},\\"regensburg\\":{\\"last_usage\\":\\"2014-05-04T00:00:00.000Z\\",\\"languages\\":{}},\\"augsburg\\":{\\"last_usage\\":\\"2015-05-04T00:00:00.000Z\\",\\"languages\\":{}}}"`;

exports[`DatabaseConnector storeResourceCache should keep only the maximal number of caches 1`] = `"{\\"muenchen\\":{\\"last_usage\\":null,\\"languages\\":{}},\\"dortmund\\":{\\"last_usage\\":null,\\"languages\\":{}},\\"ansbach\\":{\\"last_usage\\":\\"2013-05-04T00:00:00.000Z\\",\\"languages\\":{}},\\"regensburg\\":{\\"last_usage\\":\\"2014-05-04T00:00:00.000Z\\",\\"languages\\":{}},\\"augsburg\\":{\\"last_usage\\":\\"2015-05-04T00:00:00.000Z\\",\\"languages\\":{}}}"`;
