// Jest Snapshot v1, https://goo.gl/fbAQLP

exports[`LocationLayout should show GeneralHeader and GeneralFooter if city is not available 1`] = `
<Layout
  asideStickyTop={0}
  darkMode={true}
  footer={
    <Translate(LocationFooter)
      city="city1"
      language="de"
      onClick={[Function]}
    />
  }
  header={
    <Translate(LocationHeader)
      events={
        Array [
          EventModel {
            "_availableLanguages": Map {
              "de" => "/augsburg/de/events/erstes_event",
              "ar" => "/augsburg/ar/events/erstes_event",
            },
            "_content": "content",
            "_date": DateModel {
              "_allDay": true,
              "_endDate": "2017-11-18T19:30:00.000Z",
              "_startDate": "2017-11-18T09:30:00.000Z",
            },
            "_excerpt": "excerpt",
            "_featuredImage": undefined,
            "_hash": undefined,
            "_lastUpdate": "2016-01-07T09:36:24.000Z",
            "_location": LocationModel {
              "_address": "address",
              "_latitude": undefined,
              "_longitude": undefined,
              "_name": undefined,
              "_postcode": "postcode",
              "_town": "town",
            },
            "_path": "/augsburg/en/events/first_event",
            "_thumbnail": "thumbnail",
            "_title": "first Event",
          },
        ]
      }
      isEventsEnabled={true}
      isExtrasEnabled={false}
      languageChangePaths={
        Array [
          Object {
            "code": "de",
            "name": "Deutsch",
            "path": "/augsburg/de",
          },
          Object {
            "code": "en",
            "name": "English",
            "path": "/augsburg/en",
          },
        ]
      }
      location={
        Object {
          "history": undefined,
          "kind": undefined,
          "pathname": "/augsburg/de/willkommen",
          "payload": Object {
            "city": "city1",
            "language": "de",
          },
          "prev": Object {
            "pathname": "/random_prev_pathname",
            "payload": Object {},
            "type": "RANDOM_PREV_TYPE",
          },
          "query": Object {},
          "routesMap": Object {},
          "type": "CATEGORIES",
        }
      }
      onStickyTopChanged={[Function]}
      viewportSmall={true}
    />
  }
  modal={null}
  toolbar={
    <Translate(CategoriesToolbar)
      categories={
        CategoriesMapModel {
          "_categories": Map {
            "path01" => CategoryModel {
              "_availableLanguages": Map {},
              "_content": "contnentl",
              "_hash": undefined,
              "_lastUpdate": "2017-11-18T09:30:00.000Z",
              "_order": 4,
              "_parentPath": "parent/url",
              "_path": "path01",
              "_root": undefined,
              "_thumbnail": "thumb/nail",
              "_title": "Title10",
            },
          },
        }
      }
      location={
        Object {
          "history": undefined,
          "kind": undefined,
          "pathname": "/augsburg/de/willkommen",
          "payload": Object {
            "city": "city1",
            "language": "de",
          },
          "prev": Object {
            "pathname": "/random_prev_pathname",
            "payload": Object {},
            "type": "RANDOM_PREV_TYPE",
          },
          "query": Object {},
          "routesMap": Object {},
          "type": "CATEGORIES",
        }
      }
      openFeedbackModal={[Function]}
    />
  }
>
  <MockNode />
</Layout>
`;

exports[`LocationLayout should show LocationHeader and LocationFooter if city is available 1`] = `
<Layout
  asideStickyTop={0}
  darkMode={true}
  footer={
    <Translate(LocationFooter)
      city="city1"
      language="de"
      onClick={[Function]}
    />
  }
  header={
    <Translate(LocationHeader)
      events={
        Array [
          EventModel {
            "_availableLanguages": Map {
              "de" => "/augsburg/de/events/erstes_event",
              "ar" => "/augsburg/ar/events/erstes_event",
            },
            "_content": "content",
            "_date": DateModel {
              "_allDay": true,
              "_endDate": "2017-11-18T19:30:00.000Z",
              "_startDate": "2017-11-18T09:30:00.000Z",
            },
            "_excerpt": "excerpt",
            "_featuredImage": undefined,
            "_hash": undefined,
            "_lastUpdate": "2016-01-07T09:36:24.000Z",
            "_location": LocationModel {
              "_address": "address",
              "_latitude": undefined,
              "_longitude": undefined,
              "_name": undefined,
              "_postcode": "postcode",
              "_town": "town",
            },
            "_path": "/augsburg/en/events/first_event",
            "_thumbnail": "thumbnail",
            "_title": "first Event",
          },
        ]
      }
      isEventsEnabled={true}
      isExtrasEnabled={false}
      languageChangePaths={
        Array [
          Object {
            "code": "de",
            "name": "Deutsch",
            "path": "/augsburg/de",
          },
          Object {
            "code": "en",
            "name": "English",
            "path": "/augsburg/en",
          },
        ]
      }
      location={
        Object {
          "history": undefined,
          "kind": undefined,
          "pathname": "/augsburg/de/willkommen",
          "payload": Object {
            "city": "city1",
            "language": "de",
          },
          "prev": Object {
            "pathname": "/random_prev_pathname",
            "payload": Object {},
            "type": "RANDOM_PREV_TYPE",
          },
          "query": Object {},
          "routesMap": Object {},
          "type": "CATEGORIES",
        }
      }
      onStickyTopChanged={[Function]}
      viewportSmall={true}
    />
  }
  modal={null}
  toolbar={
    <Translate(CategoriesToolbar)
      categories={
        CategoriesMapModel {
          "_categories": Map {
            "path01" => CategoryModel {
              "_availableLanguages": Map {},
              "_content": "contnentl",
              "_hash": undefined,
              "_lastUpdate": "2017-11-18T09:30:00.000Z",
              "_order": 4,
              "_parentPath": "parent/url",
              "_path": "path01",
              "_root": undefined,
              "_thumbnail": "thumb/nail",
              "_title": "Title10",
            },
          },
        }
      }
      location={
        Object {
          "history": undefined,
          "kind": undefined,
          "pathname": "/augsburg/de/willkommen",
          "payload": Object {
            "city": "city1",
            "language": "de",
          },
          "prev": Object {
            "pathname": "/random_prev_pathname",
            "payload": Object {},
            "type": "RANDOM_PREV_TYPE",
          },
          "query": Object {},
          "routesMap": Object {},
          "type": "CATEGORIES",
        }
      }
      openFeedbackModal={[Function]}
    />
  }
>
  <MockNode />
</Layout>
`;
