// Jest Snapshot v1, https://goo.gl/fbAQLP

exports[`LocationLayout should show GeneralHeader and GeneralFooter if city is not available 1`] = `
<Layout
  asideStickyTop={0}
  darkMode={true}
  footer={
    <Translate(LocationFooter)
      city="city1"
      language="de"
    />
  }
  header={
    <Connect(Translate(LocationHeader))
      isEventsEnabled={true}
      isExtrasEnabled={false}
      onStickyTopChanged={[Function]}
    />
  }
  modal={null}
  toolbar={
    <Translate(CategoriesToolbar)
      categories={
        CategoriesMapModel {
          "_categories": Map {
            "path01" => CategoryModel {
              "_availableLanguages": Map {},
              "_content": "contnentl",
              "_id": 1,
              "_lastUpdate": "2017-11-18T09:30:00.000Z",
              "_order": 4,
              "_parentPath": "parent/url",
              "_path": "path01",
              "_thumbnail": "thumb/nail",
              "_title": "Title10",
            },
          },
        }
      }
      location={
        Object {
          "pathname": "/augsburg/de/willkommen",
          "payload": Object {
            "city": "city1",
            "language": "de",
          },
          "type": "CATEGORIES",
        }
      }
      openFeedbackModal={[Function]}
    />
  }
>
  <MockNode />
</Layout>
`;

exports[`LocationLayout should show LocationHeader and LocationFooter if city is available 1`] = `
<Layout
  asideStickyTop={0}
  darkMode={true}
  footer={
    <Translate(LocationFooter)
      city="city1"
      language="de"
    />
  }
  header={
    <Connect(Translate(LocationHeader))
      isEventsEnabled={true}
      isExtrasEnabled={false}
      onStickyTopChanged={[Function]}
    />
  }
  modal={null}
  toolbar={
    <Translate(CategoriesToolbar)
      categories={
        CategoriesMapModel {
          "_categories": Map {
            "path01" => CategoryModel {
              "_availableLanguages": Map {},
              "_content": "contnentl",
              "_id": 1,
              "_lastUpdate": "2017-11-18T09:30:00.000Z",
              "_order": 4,
              "_parentPath": "parent/url",
              "_path": "path01",
              "_thumbnail": "thumb/nail",
              "_title": "Title10",
            },
          },
        }
      }
      location={
        Object {
          "pathname": "/augsburg/de/willkommen",
          "payload": Object {
            "city": "city1",
            "language": "de",
          },
          "type": "CATEGORIES",
        }
      }
      openFeedbackModal={[Function]}
    />
  }
>
  <MockNode />
</Layout>
`;
