// Jest Snapshot v1, https://goo.gl/fbAQLP

exports[`LocationLayout should show GeneralHeader and GeneralFooter if LocationModel is not available 1`] = `
<Layout
  footer={<Translate(GeneralFooter) />}
  header={
    <GeneralHeader
      viewportSmall={true}
    />
  }
>
  <MockNode />
</Layout>
`;

exports[`LocationLayout should show LocationHeader and LocationFooter if City is available 1`] = `
<Layout
  footer={
    <Translate(LocationFooter)
      city="city1"
      language="de"
    />
  }
  header={
    <Connect(Translate(LocationHeader))
      isEventsEnabled={false}
      isExtrasEnabled={false}
    />
  }
>
  <MockNode />
</Layout>
`;
