// Jest Snapshot v1, https://goo.gl/fbAQLP

exports[`CityEntry should match snapshot 1`] = `
<CityEntry__CityListItem
  to="/augsburg/de"
>
  <Highlighter
    aria-label="Augsburg"
    autoEscape={true}
    highlightStyle={
      Object {
        "backgroundColor": "#ffffff",
        "fontWeight": "bold",
      }
    }
    sanitize={[Function]}
    searchWords={
      Array [
        "",
      ]
    }
    textToHighlight="Augsburg"
  />
  <div
    style={
      Object {
        "fontSize": "12px",
        "margin": "0 5px",
      }
    }
  />
</CityEntry__CityListItem>
`;
