// Jest Snapshot v1, https://goo.gl/fbAQLP

exports[`OfferList should render offer item 1`] = `
<div
  class="ListElement-gkbwyC iluJEc"
>
  <div
    class="OfferListItem__Title-gTJMwx ifZCCX"
  >
    Max Ammann
  </div>
  <div
    class="OfferListItem__Description-crNkAb hnfpT"
  >
    <div>
      <div>
        120 m²
      </div>
      <div>
        4 Zimmer
      </div>
    </div>
    <div
      class="OfferListItem__Price-bcToCP liGMWP"
    >
      1000 €
    </div>
  </div>
</div>
`;

exports[`OfferList should throw error if form is not renderable 1`] = `"Failed to render form {} because it is not supported!"`;
