// Jest Snapshot v1, https://goo.gl/fbAQLP

exports[`OfferListItemInfo should render offer item 1`] = `
<OfferListItemInfo__Description>
  <div>
    120
     m²
  </div>
  <div>
    4
     Zimmer
  </div>
  <OfferListItemInfo__Price>
    1000
     €
  </OfferListItemInfo__Price>
</OfferListItemInfo__Description>
`;
