// Jest Snapshot v1, https://goo.gl/fbAQLP

exports[`OfferList should render offer list 1`] = `
Array [
  <withProps(Connect(Link))
    key="mail@mail.com"
    to="/augsburg/language/extras/wohnen/mail@mail.com"
  />,
]
`;

exports[`OfferList should render paragraph if offers is empty 1`] = `
<OfferList__Paragraph>
  noOffersAvailable
</OfferList__Paragraph>
`;
