// Jest Snapshot v1, https://goo.gl/fbAQLP

exports[`OfferList should render offer item 1`] = `
<ListElement>
  <OfferListItem__Title>
    Test Angebot
  </OfferListItem__Title>
  <OfferListItem__Description>
    <div>
      <div>
        120
         m²
      </div>
      <div>
        4
         Zimmer
      </div>
    </div>
    <OfferListItem__Price>
      1000
       €
    </OfferListItem__Price>
  </OfferListItem__Description>
</ListElement>
`;

exports[`OfferList should throw error if form is not renderable 1`] = `"Failed to render form {} because it is not supported!"`;
