// Jest Snapshot v1, https://goo.gl/fbAQLP

exports[`DateModel toTimeSpanString() should only return start date (+ time) if endDate is not valid 1`] = `
Array [
  "de: 27. November 2017 19:30",
  "en: November 27, 2017 7:30 PM",
  "fr: 27 novembre 2017 19:30",
  "ar: ٢٧ نوفمبر ٢٠١٧ ١٩:٣٠",
  "fa: ۲۷ نوامبر ۲۰۱۷ ۱۹:۳۰",
  "ru: 27 ноября 2017 г., 19:30",
]
`;

exports[`DateModel toTimeSpanString() should return only start date + end date if allDay is true 1`] = `
Array [
  "de: 27. November 2017 - 28. November 2017",
  "en: November 27, 2017 - November 28, 2017",
  "fr: 27 novembre 2017 - 28 novembre 2017",
  "ar: ٢٧ نوفمبر ٢٠١٧ - ٢٨ نوفمبر ٢٠١٧",
  "fa: ۲۷ نوامبر ۲۰۱۷ - ۲۸ نوامبر ۲۰۱۷",
  "ru: 27 ноября 2017 г. - 28 ноября 2017 г.",
]
`;

exports[`DateModel toTimeSpanString() should return only start date + time and end time if the dates are the same 1`] = `
Array [
  "de: 27. November 2017 19:30 - 21:30",
  "en: November 27, 2017 7:30 PM - 9:30 PM",
  "fr: 27 novembre 2017 19:30 - 21:30",
  "ar: ٢٧ نوفمبر ٢٠١٧ ١٩:٣٠ - ٢١:٣٠",
  "fa: ۲۷ نوامبر ۲۰۱۷ ۱۹:۳۰ - ۲۱:۳۰",
  "ru: 27 ноября 2017 г., 19:30 - 21:30",
]
`;

exports[`DateModel toTimeSpanString() should return only start date + time if start and end are the same 1`] = `
Array [
  "de: 27. November 2017 19:30",
  "en: November 27, 2017 7:30 PM",
  "fr: 27 novembre 2017 19:30",
  "ar: ٢٧ نوفمبر ٢٠١٧ ١٩:٣٠",
  "fa: ۲۷ نوامبر ۲۰۱۷ ۱۹:۳۰",
  "ru: 27 ноября 2017 г., 19:30",
]
`;

exports[`DateModel toTimeSpanString() should return only start date if allDay is true and the dates are the same 1`] = `
Array [
  "de: 27. November 2017",
  "en: November 27, 2017",
  "fr: 27 novembre 2017",
  "ar: ٢٧ نوفمبر ٢٠١٧",
  "fa: ۲۷ نوامبر ۲۰۱۷",
  "ru: 27 ноября 2017 г.",
]
`;

exports[`DateModel toTimeSpanString() should return start date + time and end date + time 1`] = `
Array [
  "de: 27. November 2017 19:30 - 28. November 2017 21:30",
  "en: November 27, 2017 7:30 PM - November 28, 2017 9:30 PM",
  "fr: 27 novembre 2017 19:30 - 28 novembre 2017 21:30",
  "ar: ٢٧ نوفمبر ٢٠١٧ ١٩:٣٠ - ٢٨ نوفمبر ٢٠١٧ ٢١:٣٠",
  "fa: ۲۷ نوامبر ۲۰۱۷ ۱۹:۳۰ - ۲۸ نوامبر ۲۰۱۷ ۲۱:۳۰",
  "ru: 27 ноября 2017 г., 19:30 - 28 ноября 2017 г., 21:30",
]
`;
