// Jest Snapshot v1, https://goo.gl/fbAQLP

exports[`GeneralFooter should match snapshot 1`] = `
<Footer>
  <Connect(Link)
    to={
      Object {
        "type": "MAIN_DISCLAIMER",
      }
    }
  >
    layout:imprintAndContact
  </Connect(Link)>
  <a
    href="https://integreat-app.de/datenschutz/"
  >
    layout:privacy
  </a>
</Footer>
`;
