// Jest Snapshot v1, https://goo.gl/fbAQLP

exports[`events should throw if the city to map the url are missing 1`] = `"The city is missing. Could not map the params to the events endpoint url."`;

exports[`events should throw if the language to map the url are missing 1`] = `"The language is missing. Could not map the params to the events endpoint url."`;
