// Jest Snapshot v1, https://goo.gl/fbAQLP

exports[`events should throw if the city to map the url are missing 1`] = `"Failed to load the events endpoint because the city is missing"`;

exports[`events should throw if the language to map the url are missing 1`] = `"Failed to load the events endpoint because the language is missing"`;
