// Jest Snapshot v1, https://goo.gl/fbAQLP

exports[`FeedbackBoxContainer getOffersFeedbackOptions should return the right options 1`] = `
Array [
  FeedbackVariant {
    "alias": "serlo-abc",
    "feedbackCategory": "Inhalte",
    "feedbackType": "extra",
    "label": "contentOfOffer",
    "value": "contentOfOffer",
  },
  FeedbackVariant {
    "alias": "sprungbrett",
    "feedbackCategory": "Inhalte",
    "feedbackType": "extra",
    "label": "contentOfOffer",
    "value": "contentOfOffer",
  },
  FeedbackVariant {
    "alias": "lehrstellen-radar",
    "feedbackCategory": "Inhalte",
    "feedbackType": "extra",
    "label": "contentOfOffer",
    "value": "contentOfOffer",
  },
]
`;

exports[`FeedbackBoxContainer should match snapshot 1`] = `
<Translate(FeedbackBox)
  closeFeedbackModal={[Function]}
  comment=""
  contactMail=""
  feedbackOptions={
    Array [
      FeedbackVariant {
        "alias": undefined,
        "feedbackCategory": "Inhalte",
        "feedbackType": "categories",
        "label": "contentOfCity",
        "value": "contentOfCity",
      },
      FeedbackVariant {
        "alias": undefined,
        "feedbackCategory": "Technisches Feedback",
        "feedbackType": "categories",
        "label": "technicalTopics",
        "value": "technicalTopics",
      },
    ]
  }
  isPositiveRatingSelected={true}
  onCommentChanged={[Function]}
  onContactMailChanged={[Function]}
  onFeedbackOptionChanged={[Function]}
  onSubmit={[Function]}
  selectedFeedbackOption={
    FeedbackVariant {
      "alias": undefined,
      "feedbackCategory": "Inhalte",
      "feedbackType": "categories",
      "label": "contentOfCity",
      "value": "contentOfCity",
    }
  }
  sendingStatus="SUCCESS"
/>
`;
