// Jest Snapshot v1, https://goo.gl/fbAQLP

exports[`FeedbackBoxContainer getOffersFeedbackOptions should return the right options 1`] = `
Array [
  FeedbackVariant {
    "alias": "serlo-abc",
    "feedbackCategory": "Inhalte",
    "feedbackType": "extra",
    "label": "offer 'Serlo ABC'",
    "value": "offer 'Serlo ABC'",
  },
  FeedbackVariant {
    "alias": "sprungbrett",
    "feedbackCategory": "Inhalte",
    "feedbackType": "extra",
    "label": "offer 'Sprungbrett'",
    "value": "offer 'Sprungbrett'",
  },
  FeedbackVariant {
    "alias": "lehrstellen-radar",
    "feedbackCategory": "Inhalte",
    "feedbackType": "extra",
    "label": "offer 'Lehrstellenradar'",
    "value": "offer 'Lehrstellenradar'",
  },
]
`;

exports[`FeedbackBoxContainer should match snapshot 1`] = `
<Translate(FeedbackBox)
  closeFeedbackModal={[Function]}
  comment=""
  contactMail=""
  feedbackOptions={
    Array [
      FeedbackVariant {
        "alias": undefined,
        "feedbackCategory": "Inhalte",
        "feedbackType": "categories",
        "label": "contentOfCity",
        "value": "contentOfCity",
      },
      FeedbackVariant {
        "alias": undefined,
        "feedbackCategory": "Technisches Feedback",
        "feedbackType": "categories",
        "label": "technicalTopics",
        "value": "technicalTopics",
      },
    ]
  }
  isPositiveRatingSelected={true}
  onCommentChanged={[Function]}
  onContactMailChanged={[Function]}
  onFeedbackOptionChanged={[Function]}
  onSubmit={[Function]}
  selectedFeedbackOption={
    FeedbackVariant {
      "alias": undefined,
      "feedbackCategory": "Inhalte",
      "feedbackType": "categories",
      "label": "contentOfCity",
      "value": "contentOfCity",
    }
  }
  sendingStatus="SUCCESS"
  theme={
    Object {
      "colors": Object {
        "backgroundAccentColor": "#fafafa",
        "backgroundColor": "#ffffff",
        "textColor": "#000000",
        "textDecorationColor": "#c7c7c7",
        "textDisabledColor": "#d0d0d0",
        "textSecondaryColor": "#585858",
        "themeColor": "#fbda16",
        "tunewsThemeColor": "#007aa8",
        "tunewsThemeColorLight": "rgba(0, 122, 168, 0.4)",
      },
      "fonts": Object {
        "arabicWebviewFontFamilies": "'OpenSans', 'Lateef', sans-serif",
        "contentFontBold": "OpenSans-Bold",
        "contentFontFamily": "'Open Sans', 'Lateef', sans-serif",
        "contentFontRegular": "OpenSans-Regular",
        "contentFontSize": "0.95rem",
        "contentLineHeight": 1.4,
        "decorativeFontBold": "Raleway-Bold",
        "decorativeFontFamily": "'Raleway', 'Lateef', sans-serif",
        "decorativeFontRegular": "Raleway-Regular",
        "decorativeFontSize": "0.95rem",
        "decorativeLineHeight": 1.3,
        "fontSizeAdjust": 0.55,
        "standardParagraphMargin": "0.75rem",
        "subTitleFontSize": "1.8rem",
        "webviewFontFamilies": "'OpenSans', sans-serif",
      },
    }
  }
/>
`;
