// Jest Snapshot v1, https://goo.gl/fbAQLP

exports[`FeedbackThanksMessage should match snapshot 1`] = `
<FeedbackBox__StyledFeedbackBox>
  <ModalHeader
    closeFeedbackModal={[Function]}
    t={[Function]}
    title="feedbackSent"
  />
  <FeedbackBox__Description>
    thanksMessage
  </FeedbackBox__Description>
</FeedbackBox__StyledFeedbackBox>
`;
