// Jest Snapshot v1, https://goo.gl/fbAQLP

exports[`FeedbackBox should match snapshot 1`] = `
<FeedbackBox__StyledFeedbackBox>
  <ModalHeader
    closeFeedbackModal={[Function]}
    t={[Function]}
    title="feedback"
  />
  <FeedbackBox__Description>
    feedbackType
  </FeedbackBox__Description>
  <WithTheme(Dropdown)
    items={
      Array [
        FeedbackVariant {
          "alias": undefined,
          "feedbackCategory": "Inhalte",
          "feedbackType": "categories",
          "label": "label",
          "value": "label",
        },
      ]
    }
    onOptionChanged={[Function]}
    selectedItem={
      FeedbackVariant {
        "alias": undefined,
        "feedbackCategory": "Inhalte",
        "feedbackType": "categories",
        "label": "label",
        "value": "label",
      }
    }
  />
  <FeedbackComment
    comment=""
    commentMessage="negativeComment"
    onCommentChanged={[Function]}
    required={true}
  />
  <TextButton
    disabled={true}
    onClick={[Function]}
    text="send"
  />
</FeedbackBox__StyledFeedbackBox>
`;
