// Jest Snapshot v1, https://goo.gl/fbAQLP

exports[`FeedbackModal should match snapshot 1`] = `
<FocusTrap
  _createFocusTrap={[Function]}
  active={true}
  focusTrapOptions={Object {}}
  paused={false}
>
  <FeedbackModal__ModalContainer
    aria-modal={true}
    role="dialog"
  >
    <FeedbackModal__Overlay
      onClick={[Function]}
    />
    <FeedbackModal__FeedbackContainer>
      <Translate(FeedbackBoxContainer)
        alias="alias"
        cities={
          Array [
            CityModel {
              "_aliases": null,
              "_code": "augsburg",
              "_eventsEnabled": true,
              "_latitude": null,
              "_live": true,
              "_longitude": null,
              "_name": "Augsburg",
              "_offersEnabled": false,
              "_poisEnabled": true,
              "_prefix": null,
              "_pushNotificationsEnabled": false,
              "_sortingName": "Augsburg",
              "_tunewsEnabled": false,
            },
          ]
        }
        closeFeedbackModal={[Function]}
        isPositiveRatingSelected={true}
        location={
          Object {
            "history": undefined,
            "kind": undefined,
            "pathname": "/random_pathname",
            "payload": Object {
              "city": "augsburg",
              "language": "de",
            },
            "prev": Object {
              "pathname": "/random_prev_pathname",
              "payload": Object {},
              "type": "RANDOM_PREV_TYPE",
            },
            "query": Object {
              "feedback": "up",
            },
            "routesMap": Object {},
            "type": "CATEGORIES",
          }
        }
        offers={
          Array [
            OfferModel {
              "_alias": "sprungbrett",
              "_path": "https://my.sprung.br/ett/api",
              "_postData": null,
              "_thumbnail": "",
              "_title": "Sprungbrett",
            },
            OfferModel {
              "_alias": "jobboerse",
              "_path": "https://my.jobs.com/api",
              "_postData": null,
              "_thumbnail": "",
              "_title": "Jobboerse",
            },
          ]
        }
        onSubmit={[Function]}
        path="path"
        query="ab"
        sendingStatus="IDLE"
        title="title"
      />
    </FeedbackModal__FeedbackContainer>
  </FeedbackModal__ModalContainer>
</FocusTrap>
`;
