// Jest Snapshot v1, https://goo.gl/fbAQLP

exports[`SearchPage should match snapshot 1`] = `
<div>
  <Translate(SearchInput)
    filterText=""
    onFilterTextChange={[Function]}
    spaceSearch={true}
  />
  <CategoryList
    categories={
      Array [
        Object {
          "children": Array [],
          "model": Object {
            "availableLanguages": Object {},
            "content": "",
            "id": 0,
            "order": -1,
            "parentId": -1,
            "thumbnail": "no_thumbnail",
            "title": "augsburg",
            "url": "/augsburg/de",
          },
        },
        Object {
          "children": Array [],
          "model": Object {
            "availableLanguages": Object {
              "ar": 4367,
              "en": 4361,
              "fa": 4368,
            },
            "content": "",
            "id": 3650,
            "order": 75,
            "parentId": 0,
            "parentUrl": "/augsburg/de",
            "thumbnail": "https://cms.integreat-ap…/03/Hotline-150x150.png",
            "title": "Anlaufstellen zu sonstigen Themen",
            "url": "/augsburg/de/anlaufstellen",
          },
        },
        Object {
          "children": Array [],
          "model": Object {
            "availableLanguages": Object {
              "ar": 4819,
              "en": 4804,
              "fa": 4827,
            },
            "content": "",
            "id": 3649,
            "order": 11,
            "parentId": 0,
            "parentUrl": "/augsburg/de",
            "thumbnail": "https://cms.integreat-ap…03/Beratung-150x150.png",
            "title": "Willkommen",
            "url": "/augsburg/de/willkommen",
          },
        },
        Object {
          "children": Array [],
          "model": Object {
            "availableLanguages": Object {
              "ar": "397",
              "de": "711",
              "en": "390",
            },
            "content": "<p>Willkommen in Augsbur…er Stadt Augsburg</p>
",
            "id": 35,
            "order": 1,
            "parentId": 3649,
            "parentUrl": "/augsburg/de/willkommen",
            "thumbnail": "https://cms.integreat-ap…09/heart295-150x150.png",
            "title": "Willkommen in Augsburg",
            "url": "/augsburg/de/willkommen/willkommen-in-augsburg",
          },
        },
      ]
    }
  />
</div>
`;
