// Jest Snapshot v1, https://goo.gl/fbAQLP

exports[`SearchPage should match snapshot 1`] = `
<div>
  <SearchInput
    filterText=""
    onFilterTextChange={[Function]}
    placeholderText="searchCategory"
    spaceSearch={true}
  />
  <CategoryList
    categories={
      Array [
        Object {
          "model": CategoryModel {
            "_availableLanguages": Map {
              "en" => "4361",
              "ar" => "4367",
              "fa" => "4368",
            },
            "_content": "",
            "_hash": undefined,
            "_lastUpdate": "2017-11-18T19:30:00.000Z",
            "_order": 75,
            "_parentPath": "/augsburg/de",
            "_path": "/augsburg/de/anlaufstellen",
            "_root": undefined,
            "_thumbnail": "https://cms.integreat-ap…/03/Hotline-150x150.png",
            "_title": "Anlaufstellen zu sonstigen Themen",
          },
          "subCategories": Array [],
        },
        Object {
          "model": CategoryModel {
            "_availableLanguages": Map {},
            "_content": "",
            "_hash": undefined,
            "_lastUpdate": "2017-11-18T19:30:00.000Z",
            "_order": -1,
            "_parentPath": "",
            "_path": "/augsburg/de",
            "_root": undefined,
            "_thumbnail": "no_thumbnail",
            "_title": "augsburg",
          },
          "subCategories": Array [],
        },
        Object {
          "model": CategoryModel {
            "_availableLanguages": Map {
              "en" => "4861",
              "ar" => "4867",
              "fa" => "4868",
            },
            "_content": "",
            "_hash": undefined,
            "_lastUpdate": "2017-11-18T19:30:00.000Z",
            "_order": 11,
            "_parentPath": "/augsburg/de",
            "_path": "/augsburg/de/willkommen",
            "_root": undefined,
            "_thumbnail": "https://cms.integreat-ap…03/Beratung-150x150.png",
            "_title": "Willkommen",
          },
          "subCategories": Array [],
        },
        Object {
          "model": CategoryModel {
            "_availableLanguages": Map {
              "en" => "390",
              "ar" => "711",
              "fa" => "397",
            },
            "_content": "some content",
            "_hash": undefined,
            "_lastUpdate": "2017-11-18T19:30:00.000Z",
            "_order": 1,
            "_parentPath": "/augsburg/de/willkommen",
            "_path": "/augsburg/de/willkommen/willkommen-in-augsburg",
            "_root": undefined,
            "_thumbnail": "https://cms.integreat-ap…09/heart295-150x150.png",
            "_title": "Willkommen in Augsburg",
          },
          "subCategories": Array [],
        },
      ]
    }
    onInternalLinkClick={[Function]}
    query=""
  />
  <Translate(SearchFeedback)
    location={
      Object {
        "history": undefined,
        "kind": undefined,
        "pathname": "/random_pathname",
        "payload": Object {
          "city": "augsburg",
          "language": "de",
        },
        "prev": Object {
          "pathname": "/random_prev_pathname",
          "payload": Object {},
          "type": "RANDOM_PREV_TYPE",
        },
        "query": Object {},
        "routesMap": Object {},
        "type": "SEARCH",
      }
    }
    query=""
    resultsFound={true}
  />
</div>
`;
