// Jest Snapshot v1, https://goo.gl/fbAQLP

exports[`Page should render 1`] = `
<Fragment>
  <Page__Thumbnail
    alt=""
    src="thumbnail"
  />
  <Caption
    title="first Event"
  />
  <RemoteContent
    centered={false}
    dangerouslySetInnerHTML={
      Object {
        "__html": "content",
      }
    }
    onInternalLinkClick={[Function]}
  />
  <Translate(LastUpdateInfo)
    formatter={
      DateFormatter {
        "_defaultLocale": "en",
        "_fallbackFormat": undefined,
        "format": [Function],
      }
    }
    lastUpdate={"2016-01-07T10:36:24.000Z"}
    withText={true}
  />
</Fragment>
`;
