// Jest Snapshot v1, https://goo.gl/fbAQLP

exports[`Tiles should match snapshot 1`] = `
<div>
  <Caption
    title="Augsburg"
  />
  <Tiles__TilesRow>
    <Tile
      key="/augsburg/de/willkommen/willkommen-in-augsburg"
      tile={
        TileModel {
          "_isExternalUrl": false,
          "_path": "/augsburg/de/willkommen/willkommen-in-augsburg",
          "_postData": null,
          "_thumbnail": "some-thumnail.jpg",
          "_title": "Willkommen in Augsburg",
        }
      }
    />
    <Tile
      key="/augsburg/de/willkommen/erste-schritte"
      tile={
        TileModel {
          "_isExternalUrl": false,
          "_path": "/augsburg/de/willkommen/erste-schritte",
          "_postData": null,
          "_thumbnail": "some-other-thumbnail.jpg",
          "_title": "Erste Schritte",
        }
      }
    />
  </Tiles__TilesRow>
</div>
`;
